Jan 31 13:33:01 wien-plex rsyslogd[1779]: [origin software="rsyslogd" swVersion="8.1911.0-6.el8" x-pid="1779" x-info="https://www.rsyslog.com"] rsyslogd was HUPed
Jan 31 14:00:00 wien-plex prometheus[1781]: level=info ts=2021-01-31T13:00:00.526Z caller=compact.go:494 component=tsdb msg="write block" mint=1612087200000 maxt=1612094400000 ulid=01EXC8ENJF2XXC18ZFBB08DFA3 duration=63.885805ms
Jan 31 14:00:00 wien-plex prometheus[1781]: level=info ts=2021-01-31T13:00:00.540Z caller=head.go:809 component=tsdb msg="Head GC completed" duration=2.720548ms
Jan 31 14:09:07 wien-plex systemd[1]: Starting dnf makecache...
Jan 31 14:09:07 wien-plex dnf[3573]: Metadata cache refreshed recently.
Jan 31 14:09:07 wien-plex systemd[1]: dnf-makecache.service: Succeeded.
Jan 31 14:09:07 wien-plex systemd[1]: Started dnf makecache.
Jan 31 14:39:38 wien-plex systemd[1]: Created slice User Slice of UID 1000.
Jan 31 14:39:38 wien-plex systemd[1]: Started /run/user/1000 mount wrapper.
Jan 31 14:39:38 wien-plex systemd[1]: Starting User Manager for UID 1000...
Jan 31 14:39:38 wien-plex systemd-logind[1308]: New session 4 of user midu.
Jan 31 14:39:38 wien-plex systemd[1]: Started Session 4 of user midu.
Jan 31 14:39:38 wien-plex systemd[3841]: Listening on Multimedia System.
Jan 31 14:39:38 wien-plex systemd[3841]: Listening on Podman Remote API Socket.
Jan 31 14:39:38 wien-plex systemd[3841]: Started Mark boot as successful after the user session has run 2 minutes.
Jan 31 14:39:38 wien-plex systemd[3841]: Reached target Paths.
Jan 31 14:39:38 wien-plex systemd[3841]: Starting D-Bus User Message Bus Socket.
Jan 31 14:39:38 wien-plex systemd[3841]: Listening on Sound System.
Jan 31 14:39:38 wien-plex systemd[3841]: Reached target Timers.
Jan 31 14:39:38 wien-plex systemd[3841]: Listening on D-Bus User Message Bus Socket.
Jan 31 14:39:38 wien-plex systemd[3841]: Reached target Sockets.
Jan 31 14:39:38 wien-plex systemd[3841]: Reached target Basic System.
Jan 31 14:39:38 wien-plex systemd[1]: Started User Manager for UID 1000.
Jan 31 14:39:38 wien-plex systemd[3841]: Starting Sound Service...
Jan 31 14:39:39 wien-plex systemd[3841]: Started D-Bus User Message Bus.
Jan 31 14:39:39 wien-plex systemd[3841]: Started Sound Service.
Jan 31 14:39:39 wien-plex systemd[3841]: Reached target Default.
Jan 31 14:39:39 wien-plex systemd[3841]: Startup finished in 1.251s.
Jan 31 14:39:39 wien-plex bluetoothd[1166]: Endpoint registered: sender=:1.249 path=/MediaEndpoint/A2DPSink/sbc
Jan 31 14:39:39 wien-plex bluetoothd[1166]: Endpoint registered: sender=:1.249 path=/MediaEndpoint/A2DPSource/sbc
Jan 31 14:39:39 wien-plex kernel: Bluetooth: RFCOMM TTY layer initialized
Jan 31 14:39:39 wien-plex kernel: Bluetooth: RFCOMM socket layer initialized
Jan 31 14:39:39 wien-plex kernel: Bluetooth: RFCOMM ver 1.11
Jan 31 14:40:09 wien-plex systemd[1]: session-4.scope: Succeeded.
Jan 31 14:40:09 wien-plex systemd-logind[1308]: Session 4 logged out. Waiting for processes to exit.
Jan 31 14:40:09 wien-plex bluetoothd[1166]: Endpoint unregistered: sender=:1.249 path=/MediaEndpoint/A2DPSink/sbc
Jan 31 14:40:09 wien-plex bluetoothd[1166]: Endpoint unregistered: sender=:1.249 path=/MediaEndpoint/A2DPSource/sbc
Jan 31 14:40:09 wien-plex systemd[3841]: pulseaudio.service: Succeeded.
Jan 31 14:40:09 wien-plex systemd-logind[1308]: Removed session 4.
Jan 31 14:40:09 wien-plex systemd[1]: Stopping User Manager for UID 1000...
Jan 31 14:40:09 wien-plex systemd[3841]: Stopping D-Bus User Message Bus...
Jan 31 14:40:09 wien-plex systemd[3841]: Stopped target Default.
Jan 31 14:40:09 wien-plex systemd[3841]: dbus.service: Succeeded.
Jan 31 14:40:09 wien-plex systemd[3841]: Stopped D-Bus User Message Bus.
Jan 31 14:40:09 wien-plex systemd[3841]: Stopped target Basic System.
Jan 31 14:40:09 wien-plex systemd[3841]: Stopped target Timers.
Jan 31 14:40:09 wien-plex systemd[3841]: grub-boot-success.timer: Succeeded.
Jan 31 14:40:09 wien-plex systemd[3841]: Stopped Mark boot as successful after the user session has run 2 minutes.
Jan 31 14:40:09 wien-plex systemd[3841]: Stopped target Paths.
Jan 31 14:40:09 wien-plex systemd[3841]: Stopped target Sockets.
Jan 31 14:40:09 wien-plex systemd[3841]: io.podman.socket: Succeeded.
Jan 31 14:40:09 wien-plex systemd[3841]: Closed Podman Remote API Socket.
Jan 31 14:40:09 wien-plex systemd[3841]: pulseaudio.socket: Succeeded.
Jan 31 14:40:09 wien-plex systemd[3841]: Closed Sound System.
Jan 31 14:40:09 wien-plex systemd[3841]: pipewire.socket: Succeeded.
Jan 31 14:40:09 wien-plex systemd[3841]: Closed Multimedia System.
Jan 31 14:40:09 wien-plex systemd[3841]: dbus.socket: Succeeded.
Jan 31 14:40:09 wien-plex systemd[3841]: Closed D-Bus User Message Bus Socket.
Jan 31 14:40:09 wien-plex systemd[3841]: Reached target Shutdown.
Jan 31 14:40:09 wien-plex systemd[3841]: Starting Exit the Session...
Jan 31 14:40:09 wien-plex systemd[1]: user@1000.service: Succeeded.
Jan 31 14:40:09 wien-plex systemd[1]: Stopped User Manager for UID 1000.
Jan 31 14:40:09 wien-plex systemd[1]: Stopping /run/user/1000 mount wrapper...
Jan 31 14:40:09 wien-plex systemd[1]: Removed slice User Slice of UID 1000.
Jan 31 14:40:09 wien-plex systemd[1968]: run-user-1000.mount: Succeeded.
Jan 31 14:40:09 wien-plex systemd[1]: run-user-1000.mount: Succeeded.
Jan 31 14:40:09 wien-plex systemd[1]: user-runtime-dir@1000.service: Succeeded.
Jan 31 14:40:09 wien-plex systemd[1]: Stopped /run/user/1000 mount wrapper.
Jan 31 15:00:01 wien-plex systemd[1]: Created slice User Slice of UID 0.
Jan 31 15:00:01 wien-plex systemd[1]: Started /run/user/0 mount wrapper.
Jan 31 15:00:01 wien-plex systemd[1]: Starting User Manager for UID 0...
Jan 31 15:00:01 wien-plex systemd[1]: Started Session 6 of user root.
Jan 31 15:00:01 wien-plex systemd[4922]: Starting D-Bus User Message Bus Socket.
Jan 31 15:00:01 wien-plex systemd[4922]: Reached target Paths.
Jan 31 15:00:01 wien-plex systemd[4922]: Reached target Timers.
Jan 31 15:00:01 wien-plex systemd[4922]: Listening on Multimedia System.
Jan 31 15:00:01 wien-plex systemd[4922]: Listening on D-Bus User Message Bus Socket.
Jan 31 15:00:01 wien-plex systemd[4922]: Reached target Sockets.
Jan 31 15:00:01 wien-plex systemd[4922]: Reached target Basic System.
Jan 31 15:00:01 wien-plex systemd[4922]: Reached target Default.
Jan 31 15:00:01 wien-plex systemd[4922]: Startup finished in 141ms.
Jan 31 15:00:01 wien-plex systemd[1]: Started User Manager for UID 0.
Jan 31 15:00:01 wien-plex systemd[1]: session-6.scope: Succeeded.
Jan 31 15:00:01 wien-plex systemd[1]: Stopping User Manager for UID 0...
Jan 31 15:00:01 wien-plex systemd[4922]: Stopped target Default.
Jan 31 15:00:01 wien-plex systemd[4922]: Stopped target Basic System.
Jan 31 15:00:02 wien-plex systemd[4922]: Stopped target Timers.
Jan 31 15:00:02 wien-plex systemd[4922]: Stopped target Paths.
Jan 31 15:00:02 wien-plex systemd[4922]: Stopped target Sockets.
Jan 31 15:00:02 wien-plex systemd[4922]: dbus.socket: Succeeded.
Jan 31 15:00:02 wien-plex systemd[4922]: Closed D-Bus User Message Bus Socket.
Jan 31 15:00:02 wien-plex systemd[4922]: pipewire.socket: Succeeded.
Jan 31 15:00:02 wien-plex systemd[4922]: Closed Multimedia System.
Jan 31 15:00:02 wien-plex systemd[4922]: Reached target Shutdown.
Jan 31 15:00:02 wien-plex systemd[4922]: Starting Exit the Session...
Jan 31 15:00:02 wien-plex systemd[1]: user@0.service: Succeeded.
Jan 31 15:00:02 wien-plex systemd[1]: Stopped User Manager for UID 0.
Jan 31 15:00:02 wien-plex systemd[1]: Stopping /run/user/0 mount wrapper...
Jan 31 15:00:02 wien-plex systemd[1]: Removed slice User Slice of UID 0.
Jan 31 15:00:02 wien-plex systemd[1968]: run-user-0.mount: Succeeded.
Jan 31 15:00:02 wien-plex systemd[1]: run-user-0.mount: Succeeded.
Jan 31 15:00:02 wien-plex systemd[1]: user-runtime-dir@0.service: Succeeded.
Jan 31 15:00:02 wien-plex systemd[1]: Stopped /run/user/0 mount wrapper.
Jan 31 15:09:08 wien-plex systemd[1]: Starting dnf makecache...
Jan 31 15:09:08 wien-plex dnf[5058]: Metadata cache refreshed recently.
Jan 31 15:09:08 wien-plex systemd[1]: dnf-makecache.service: Succeeded.
Jan 31 15:09:08 wien-plex systemd[1]: Started dnf makecache.
Jan 31 16:00:00 wien-plex prometheus[1781]: level=info ts=2021-01-31T15:00:00.567Z caller=compact.go:494 component=tsdb msg="write block" mint=1612094400000 maxt=1612101600000 ulid=01EXCFACTF2VNYS5JW369YXPT1 duration=104.421185ms
Jan 31 16:00:00 wien-plex prometheus[1781]: level=info ts=2021-01-31T15:00:00.585Z caller=head.go:809 component=tsdb msg="Head GC completed" duration=3.035738ms
Jan 31 16:00:00 wien-plex prometheus[1781]: level=info ts=2021-01-31T15:00:00.599Z caller=checkpoint.go:96 component=tsdb msg="Creating checkpoint" from_segment=120 to_segment=121 mint=1612101600000
Jan 31 16:00:00 wien-plex prometheus[1781]: level=info ts=2021-01-31T15:00:00.610Z caller=head.go:889 component=tsdb msg="WAL checkpoint complete" first=120 last=121 duration=11.203338ms
Jan 31 16:00:00 wien-plex prometheus[1781]: level=info ts=2021-01-31T15:00:00.821Z caller=compact.go:440 component=tsdb msg="compact blocks" count=3 mint=1612029600000 maxt=1612094400000 ulid=01EXCFACZBHYRQAX4MV3G17ECQ sources="[01EXC4ZVSK5H2BXPD9TK1D3Y86 01EXC4ZV1CDSCQ3C43S0E5VXX2 01EXC8ENJF2XXC18ZFBB08DFA3]" duration=201.812825ms
Jan 31 16:00:00 wien-plex prometheus[1781]: level=info ts=2021-01-31T15:00:00.835Z caller=db.go:1152 component=tsdb msg="Deleting obsolete block" block=01EXC4ZVSK5H2BXPD9TK1D3Y86
Jan 31 16:00:00 wien-plex prometheus[1781]: level=info ts=2021-01-31T15:00:00.838Z caller=db.go:1152 component=tsdb msg="Deleting obsolete block" block=01EXC4ZV1CDSCQ3C43S0E5VXX2
Jan 31 16:00:00 wien-plex prometheus[1781]: level=info ts=2021-01-31T15:00:00.841Z caller=db.go:1152 component=tsdb msg="Deleting obsolete block" block=01EXC8ENJF2XXC18ZFBB08DFA3
Jan 31 16:09:09 wien-plex systemd[1]: Starting dnf makecache...
Jan 31 16:09:09 wien-plex dnf[5576]: Docker CE Stable - x86_64                        32 kB/s | 3.5 kB     00:00
Jan 31 16:09:10 wien-plex dnf[5576]: Extra Packages for Enterprise Linux Modular 8 - 103 kB/s |  35 kB     00:00
Jan 31 16:09:10 wien-plex dnf[5576]: Extra Packages for Enterprise Linux 8 - x86_64  214 kB/s |  35 kB     00:00
Jan 31 16:09:10 wien-plex dnf[5576]: grafana                                         2.0 kB/s | 488  B     00:00
Jan 31 16:09:10 wien-plex dnf[5576]: Oracle Linux 8 EPEL (x86_64)                     24 kB/s | 2.5 kB     00:00
Jan 31 16:09:11 wien-plex dnf[5576]: Oracle Linux 8 BaseOS Latest (x86_64)            39 kB/s | 2.7 kB     00:00
Jan 31 16:09:11 wien-plex dnf[5576]: Oracle Linux 8 Application Stream (x86_64)       39 kB/s | 3.1 kB     00:00
Jan 31 16:09:11 wien-plex dnf[5576]: Plex                                             13 kB/s | 1.4 kB     00:00
Jan 31 16:09:11 wien-plex dnf[5576]: Latest Unbreakable Enterprise Kernel Release 6   34 kB/s | 2.5 kB     00:00
Jan 31 16:09:11 wien-plex dnf[5576]: Oracle Linux / RHEL / CentOS-8 / x86_64 - Virtu 993  B/s | 181  B     00:00
Jan 31 16:09:14 wien-plex dnf[5576]: Metadata cache created.
Jan 31 16:09:14 wien-plex systemd[1]: dnf-makecache.service: Succeeded.
Jan 31 16:09:14 wien-plex systemd[1]: Started dnf makecache.
Jan 31 17:09:14 wien-plex systemd[1]: Starting dnf makecache...
Jan 31 17:09:15 wien-plex dnf[6131]: Metadata cache refreshed recently.
Jan 31 17:09:15 wien-plex systemd[1]: dnf-makecache.service: Succeeded.
Jan 31 17:09:15 wien-plex systemd[1]: Started dnf makecache.
Jan 31 18:00:00 wien-plex prometheus[1781]: level=info ts=2021-01-31T17:00:00.560Z caller=compact.go:494 component=tsdb msg="write block" mint=1612101600000 maxt=1612108800000 ulid=01EXCP642FYRC1K9JFJG2TF11E duration=97.031466ms
Jan 31 18:00:00 wien-plex prometheus[1781]: level=info ts=2021-01-31T17:00:00.581Z caller=head.go:809 component=tsdb msg="Head GC completed" duration=3.002715ms
Jan 31 18:00:01 wien-plex systemd[1]: Created slice User Slice of UID 0.
Jan 31 18:00:01 wien-plex systemd[1]: Started /run/user/0 mount wrapper.
Jan 31 18:00:01 wien-plex systemd[1]: Starting User Manager for UID 0...
Jan 31 18:00:01 wien-plex systemd[1]: Started Session 8 of user root.
Jan 31 18:00:01 wien-plex systemd[6586]: Starting D-Bus User Message Bus Socket.
Jan 31 18:00:01 wien-plex systemd[6586]: Reached target Paths.
Jan 31 18:00:01 wien-plex systemd[6586]: Reached target Timers.
Jan 31 18:00:01 wien-plex systemd[6586]: Listening on Multimedia System.
Jan 31 18:00:01 wien-plex systemd[6586]: Listening on D-Bus User Message Bus Socket.
Jan 31 18:00:01 wien-plex systemd[6586]: Reached target Sockets.
Jan 31 18:00:01 wien-plex systemd[6586]: Reached target Basic System.
Jan 31 18:00:01 wien-plex systemd[6586]: Reached target Default.
Jan 31 18:00:01 wien-plex systemd[6586]: Startup finished in 137ms.
Jan 31 18:00:01 wien-plex systemd[1]: Started User Manager for UID 0.
Jan 31 18:00:01 wien-plex systemd[1]: session-8.scope: Succeeded.
Jan 31 18:00:01 wien-plex systemd[1]: Stopping User Manager for UID 0...
Jan 31 18:00:01 wien-plex systemd[6586]: Stopped target Default.
Jan 31 18:00:01 wien-plex systemd[6586]: Stopped target Basic System.
Jan 31 18:00:01 wien-plex systemd[6586]: Stopped target Sockets.
Jan 31 18:00:01 wien-plex systemd[6586]: dbus.socket: Succeeded.
Jan 31 18:00:01 wien-plex systemd[6586]: Closed D-Bus User Message Bus Socket.
Jan 31 18:00:01 wien-plex systemd[6586]: pipewire.socket: Succeeded.
Jan 31 18:00:01 wien-plex systemd[6586]: Closed Multimedia System.
Jan 31 18:00:01 wien-plex systemd[6586]: Stopped target Paths.
Jan 31 18:00:01 wien-plex systemd[6586]: Reached target Shutdown.
Jan 31 18:00:01 wien-plex systemd[6586]: Starting Exit the Session...
Jan 31 18:00:01 wien-plex systemd[6586]: Stopped target Timers.
Jan 31 18:00:01 wien-plex systemd[1]: user@0.service: Succeeded.
Jan 31 18:00:01 wien-plex systemd[1]: Stopped User Manager for UID 0.
Jan 31 18:00:01 wien-plex systemd[1]: Stopping /run/user/0 mount wrapper...
Jan 31 18:00:01 wien-plex systemd[1]: Removed slice User Slice of UID 0.
Jan 31 18:00:01 wien-plex systemd[1968]: run-user-0.mount: Succeeded.
Jan 31 18:00:01 wien-plex systemd[1]: run-user-0.mount: Succeeded.
Jan 31 18:00:01 wien-plex systemd[1]: user-runtime-dir@0.service: Succeeded.
Jan 31 18:00:01 wien-plex systemd[1]: Stopped /run/user/0 mount wrapper.
Jan 31 18:09:15 wien-plex systemd[1]: Starting dnf makecache...
Jan 31 18:09:15 wien-plex dnf[6725]: Metadata cache refreshed recently.
Jan 31 18:09:15 wien-plex systemd[1]: dnf-makecache.service: Succeeded.
Jan 31 18:09:15 wien-plex systemd[1]: Started dnf makecache.
Jan 31 19:09:16 wien-plex systemd[1]: Starting dnf makecache...
Jan 31 19:09:16 wien-plex dnf[7274]: Docker CE Stable - x86_64                        30 kB/s | 3.5 kB     00:00
Jan 31 19:09:17 wien-plex dnf[7274]: Extra Packages for Enterprise Linux Modular 8 - 131 kB/s |  35 kB     00:00
Jan 31 19:09:17 wien-plex dnf[7274]: Extra Packages for Enterprise Linux 8 - x86_64  162 kB/s |  35 kB     00:00
Jan 31 19:09:18 wien-plex dnf[7274]: grafana                                         859  B/s | 488  B     00:00
Jan 31 19:09:18 wien-plex dnf[7274]: Oracle Linux 8 EPEL (x86_64)                     29 kB/s | 2.5 kB     00:00
Jan 31 19:09:18 wien-plex dnf[7274]: Oracle Linux 8 BaseOS Latest (x86_64)            36 kB/s | 2.7 kB     00:00
Jan 31 19:09:18 wien-plex dnf[7274]: Oracle Linux 8 Application Stream (x86_64)       32 kB/s | 3.1 kB     00:00
Jan 31 19:09:18 wien-plex dnf[7274]: Plex                                             11 kB/s | 1.4 kB     00:00
Jan 31 19:09:18 wien-plex dnf[7274]: Latest Unbreakable Enterprise Kernel Release 6   32 kB/s | 2.5 kB     00:00
Jan 31 19:09:19 wien-plex dnf[7274]: Oracle Linux / RHEL / CentOS-8 / x86_64 - Virtu 1.3 kB/s | 181  B     00:00
Jan 31 19:09:21 wien-plex dnf[7274]: Metadata cache created.
Jan 31 19:09:21 wien-plex systemd[1]: dnf-makecache.service: Succeeded.
Jan 31 19:09:21 wien-plex systemd[1]: Started dnf makecache.
Jan 31 19:42:53 wien-plex systemd[1]: Created slice User Slice of UID 1000.
Jan 31 19:42:53 wien-plex systemd[1]: Started /run/user/1000 mount wrapper.
Jan 31 19:42:53 wien-plex systemd[1]: Starting User Manager for UID 1000...
Jan 31 19:42:53 wien-plex systemd[1]: Started Session 10 of user midu.
Jan 31 19:42:53 wien-plex systemd-logind[1308]: New session 10 of user midu.
Jan 31 19:42:53 wien-plex systemd[7603]: Listening on Podman Remote API Socket.
Jan 31 19:42:53 wien-plex systemd[7603]: Started Mark boot as successful after the user session has run 2 minutes.
Jan 31 19:42:53 wien-plex systemd[7603]: Reached target Timers.
Jan 31 19:42:53 wien-plex systemd[7603]: Listening on Sound System.
Jan 31 19:42:53 wien-plex systemd[7603]: Reached target Paths.
Jan 31 19:42:53 wien-plex systemd[7603]: Listening on Multimedia System.
Jan 31 19:42:53 wien-plex systemd[7603]: Starting D-Bus User Message Bus Socket.
Jan 31 19:42:53 wien-plex systemd[7603]: Listening on D-Bus User Message Bus Socket.
Jan 31 19:42:53 wien-plex systemd[7603]: Reached target Sockets.
Jan 31 19:42:53 wien-plex systemd[7603]: Reached target Basic System.
Jan 31 19:42:53 wien-plex systemd[1]: Started User Manager for UID 1000.
Jan 31 19:42:53 wien-plex systemd[7603]: Starting Sound Service...
Jan 31 19:42:54 wien-plex systemd[7603]: Started D-Bus User Message Bus.
Jan 31 19:42:55 wien-plex systemd[7603]: Started Sound Service.
Jan 31 19:42:55 wien-plex systemd[7603]: Reached target Default.
Jan 31 19:42:55 wien-plex systemd[7603]: Startup finished in 1.234s.
Jan 31 19:42:55 wien-plex bluetoothd[1166]: Endpoint registered: sender=:1.396 path=/MediaEndpoint/A2DPSink/sbc
Jan 31 19:42:55 wien-plex bluetoothd[1166]: Endpoint registered: sender=:1.396 path=/MediaEndpoint/A2DPSource/sbc
Jan 31 19:43:44 wien-plex systemd[1]: session-10.scope: Succeeded.
Jan 31 19:43:44 wien-plex systemd-logind[1308]: Session 10 logged out. Waiting for processes to exit.
Jan 31 19:43:44 wien-plex bluetoothd[1166]: Endpoint unregistered: sender=:1.396 path=/MediaEndpoint/A2DPSink/sbc
Jan 31 19:43:44 wien-plex bluetoothd[1166]: Endpoint unregistered: sender=:1.396 path=/MediaEndpoint/A2DPSource/sbc
Jan 31 19:43:44 wien-plex systemd[7603]: pulseaudio.service: Succeeded.
Jan 31 19:43:44 wien-plex systemd-logind[1308]: Removed session 10.
Jan 31 19:43:44 wien-plex systemd[1]: Stopping User Manager for UID 1000...
Jan 31 19:43:44 wien-plex systemd[7603]: Stopping D-Bus User Message Bus...
Jan 31 19:43:44 wien-plex systemd[7603]: Stopped target Default.
Jan 31 19:43:44 wien-plex systemd[7603]: dbus.service: Succeeded.
Jan 31 19:43:44 wien-plex systemd[7603]: Stopped D-Bus User Message Bus.
Jan 31 19:43:44 wien-plex systemd[7603]: Stopped target Basic System.
Jan 31 19:43:44 wien-plex systemd[7603]: Stopped target Paths.
Jan 31 19:43:44 wien-plex systemd[7603]: Stopped target Sockets.
Jan 31 19:43:44 wien-plex systemd[7603]: io.podman.socket: Succeeded.
Jan 31 19:43:44 wien-plex systemd[7603]: Closed Podman Remote API Socket.
Jan 31 19:43:44 wien-plex systemd[7603]: pulseaudio.socket: Succeeded.
Jan 31 19:43:44 wien-plex systemd[7603]: Closed Sound System.
Jan 31 19:43:44 wien-plex systemd[7603]: pipewire.socket: Succeeded.
Jan 31 19:43:44 wien-plex systemd[7603]: Closed Multimedia System.
Jan 31 19:43:44 wien-plex systemd[7603]: Stopped target Timers.
Jan 31 19:43:44 wien-plex systemd[7603]: grub-boot-success.timer: Succeeded.
Jan 31 19:43:44 wien-plex systemd[7603]: Stopped Mark boot as successful after the user session has run 2 minutes.
Jan 31 19:43:44 wien-plex systemd[7603]: dbus.socket: Succeeded.
Jan 31 19:43:44 wien-plex systemd[7603]: Closed D-Bus User Message Bus Socket.
Jan 31 19:43:44 wien-plex systemd[7603]: Reached target Shutdown.
Jan 31 19:43:44 wien-plex systemd[7603]: Starting Exit the Session...
Jan 31 19:43:44 wien-plex systemd[1]: user@1000.service: Succeeded.
Jan 31 19:43:44 wien-plex systemd[1]: Stopped User Manager for UID 1000.
Jan 31 19:43:44 wien-plex systemd[1]: Stopping /run/user/1000 mount wrapper...
Jan 31 19:43:44 wien-plex systemd[1]: Removed slice User Slice of UID 1000.
Jan 31 19:43:44 wien-plex systemd[1]: run-user-1000.mount: Succeeded.
Jan 31 19:43:44 wien-plex systemd[1968]: run-user-1000.mount: Succeeded.
Jan 31 19:43:44 wien-plex systemd[1]: user-runtime-dir@1000.service: Succeeded.
Jan 31 19:43:44 wien-plex systemd[1]: Stopped /run/user/1000 mount wrapper.
Jan 31 20:00:00 wien-plex prometheus[1781]: level=info ts=2021-01-31T19:00:00.563Z caller=compact.go:494 component=tsdb msg="write block" mint=1612108800000 maxt=1612116000000 ulid=01EXCX1VAFE2507PWR27HBCYV1 duration=100.584797ms
Jan 31 20:00:00 wien-plex prometheus[1781]: level=info ts=2021-01-31T19:00:00.579Z caller=head.go:809 component=tsdb msg="Head GC completed" duration=3.071409ms
Jan 31 20:00:00 wien-plex prometheus[1781]: level=info ts=2021-01-31T19:00:00.595Z caller=checkpoint.go:96 component=tsdb msg="Creating checkpoint" from_segment=122 to_segment=123 mint=1612116000000
Jan 31 20:00:00 wien-plex prometheus[1781]: level=info ts=2021-01-31T19:00:00.831Z caller=head.go:889 component=tsdb msg="WAL checkpoint complete" first=122 last=123 duration=236.664377ms
Jan 31 20:09:21 wien-plex systemd[1]: Starting dnf makecache...
Jan 31 20:09:22 wien-plex dnf[8572]: Metadata cache refreshed recently.
Jan 31 20:09:22 wien-plex systemd[1]: dnf-makecache.service: Succeeded.
Jan 31 20:09:22 wien-plex systemd[1]: Started dnf makecache.
Jan 31 20:14:43 wien-plex systemd[1]: Started /run/user/1000 mount wrapper.
Jan 31 20:14:43 wien-plex systemd[1]: Created slice User Slice of UID 1000.
Jan 31 20:14:43 wien-plex systemd[1]: Starting User Manager for UID 1000...
Jan 31 20:14:43 wien-plex systemd-logind[1308]: New session 12 of user midu.
Jan 31 20:14:43 wien-plex systemd[1]: Started Session 12 of user midu.
Jan 31 20:14:43 wien-plex systemd[8633]: Reached target Paths.
Jan 31 20:14:43 wien-plex systemd[8633]: Starting D-Bus User Message Bus Socket.
Jan 31 20:14:43 wien-plex systemd[8633]: Started Mark boot as successful after the user session has run 2 minutes.
Jan 31 20:14:43 wien-plex systemd[8633]: Listening on Podman Remote API Socket.
Jan 31 20:14:43 wien-plex systemd[8633]: Reached target Timers.
Jan 31 20:14:43 wien-plex systemd[8633]: Listening on Sound System.
Jan 31 20:14:43 wien-plex systemd[8633]: Listening on Multimedia System.
Jan 31 20:14:43 wien-plex systemd[8633]: Listening on D-Bus User Message Bus Socket.
Jan 31 20:14:43 wien-plex systemd[8633]: Reached target Sockets.
Jan 31 20:14:43 wien-plex systemd[8633]: Reached target Basic System.
Jan 31 20:14:43 wien-plex systemd[1]: Started User Manager for UID 1000.
Jan 31 20:14:43 wien-plex systemd[8633]: Starting Sound Service...
Jan 31 20:14:44 wien-plex systemd[8633]: Started D-Bus User Message Bus.
Jan 31 20:14:44 wien-plex systemd[8633]: Started Sound Service.
Jan 31 20:14:44 wien-plex systemd[8633]: Reached target Default.
Jan 31 20:14:44 wien-plex systemd[8633]: Startup finished in 1.222s.
Jan 31 20:14:44 wien-plex bluetoothd[1166]: Endpoint registered: sender=:1.478 path=/MediaEndpoint/A2DPSink/sbc
Jan 31 20:14:44 wien-plex bluetoothd[1166]: Endpoint registered: sender=:1.478 path=/MediaEndpoint/A2DPSource/sbc
Jan 31 20:15:12 wien-plex systemd[1]: session-12.scope: Succeeded.
Jan 31 20:15:12 wien-plex systemd-logind[1308]: Session 12 logged out. Waiting for processes to exit.
Jan 31 20:15:12 wien-plex bluetoothd[1166]: Endpoint unregistered: sender=:1.478 path=/MediaEndpoint/A2DPSink/sbc
Jan 31 20:15:12 wien-plex systemd-logind[1308]: Removed session 12.
Jan 31 20:15:12 wien-plex bluetoothd[1166]: Endpoint unregistered: sender=:1.478 path=/MediaEndpoint/A2DPSource/sbc
Jan 31 20:15:12 wien-plex systemd[8633]: pulseaudio.service: Succeeded.
Jan 31 20:15:12 wien-plex systemd[1]: Stopping User Manager for UID 1000...
Jan 31 20:15:12 wien-plex systemd[8633]: Stopping D-Bus User Message Bus...
Jan 31 20:15:12 wien-plex systemd[8633]: Stopped target Default.
Jan 31 20:15:12 wien-plex systemd[8633]: dbus.service: Succeeded.
Jan 31 20:15:12 wien-plex systemd[8633]: Stopped D-Bus User Message Bus.
Jan 31 20:15:12 wien-plex systemd[8633]: Stopped target Basic System.
Jan 31 20:15:12 wien-plex systemd[8633]: Stopped target Paths.
Jan 31 20:15:12 wien-plex systemd[8633]: Stopped target Timers.
Jan 31 20:15:12 wien-plex systemd[8633]: grub-boot-success.timer: Succeeded.
Jan 31 20:15:12 wien-plex systemd[8633]: Stopped Mark boot as successful after the user session has run 2 minutes.
Jan 31 20:15:12 wien-plex systemd[8633]: Stopped target Sockets.
Jan 31 20:15:12 wien-plex systemd[8633]: pulseaudio.socket: Succeeded.
Jan 31 20:15:12 wien-plex systemd[8633]: Closed Sound System.
Jan 31 20:15:12 wien-plex systemd[8633]: io.podman.socket: Succeeded.
Jan 31 20:15:12 wien-plex systemd[8633]: Closed Podman Remote API Socket.
Jan 31 20:15:12 wien-plex systemd[8633]: pipewire.socket: Succeeded.
Jan 31 20:15:12 wien-plex systemd[8633]: Closed Multimedia System.
Jan 31 20:15:12 wien-plex systemd[8633]: dbus.socket: Succeeded.
Jan 31 20:15:12 wien-plex systemd[8633]: Closed D-Bus User Message Bus Socket.
Jan 31 20:15:12 wien-plex systemd[8633]: Reached target Shutdown.
Jan 31 20:15:12 wien-plex systemd[8633]: Starting Exit the Session...
Jan 31 20:15:12 wien-plex systemd[1]: user@1000.service: Succeeded.
Jan 31 20:15:12 wien-plex systemd[1]: Stopped User Manager for UID 1000.
Jan 31 20:15:12 wien-plex systemd[1]: Stopping /run/user/1000 mount wrapper...
Jan 31 20:15:12 wien-plex systemd[1]: Removed slice User Slice of UID 1000.
Jan 31 20:15:13 wien-plex systemd[1968]: run-user-1000.mount: Succeeded.
Jan 31 20:15:13 wien-plex systemd[1]: run-user-1000.mount: Succeeded.
Jan 31 20:15:13 wien-plex systemd[1]: user-runtime-dir@1000.service: Succeeded.
Jan 31 20:15:13 wien-plex systemd[1]: Stopped /run/user/1000 mount wrapper.
Jan 31 21:00:01 wien-plex systemd[1]: Created slice User Slice of UID 0.
Jan 31 21:00:01 wien-plex systemd[1]: Started /run/user/0 mount wrapper.
Jan 31 21:00:01 wien-plex systemd[1]: Starting User Manager for UID 0...
Jan 31 21:00:01 wien-plex systemd[1]: Started Session 14 of user root.
Jan 31 21:00:01 wien-plex systemd[10319]: Reached target Paths.
Jan 31 21:00:01 wien-plex systemd[10319]: Listening on Multimedia System.
Jan 31 21:00:01 wien-plex systemd[10319]: Starting D-Bus User Message Bus Socket.
Jan 31 21:00:01 wien-plex systemd[10319]: Reached target Timers.
Jan 31 21:00:01 wien-plex systemd[10319]: Listening on D-Bus User Message Bus Socket.
Jan 31 21:00:01 wien-plex systemd[10319]: Reached target Sockets.
Jan 31 21:00:01 wien-plex systemd[10319]: Reached target Basic System.
Jan 31 21:00:01 wien-plex systemd[10319]: Reached target Default.
Jan 31 21:00:01 wien-plex systemd[10319]: Startup finished in 139ms.
Jan 31 21:00:01 wien-plex systemd[1]: Started User Manager for UID 0.
Jan 31 21:00:01 wien-plex systemd[1]: session-14.scope: Succeeded.
Jan 31 21:00:01 wien-plex systemd[1]: Stopping User Manager for UID 0...
Jan 31 21:00:01 wien-plex systemd[10319]: Stopped target Default.
Jan 31 21:00:01 wien-plex systemd[10319]: Stopped target Basic System.
Jan 31 21:00:01 wien-plex systemd[10319]: Stopped target Paths.
Jan 31 21:00:01 wien-plex systemd[10319]: Stopped target Timers.
Jan 31 21:00:01 wien-plex systemd[10319]: Stopped target Sockets.
Jan 31 21:00:01 wien-plex systemd[10319]: pipewire.socket: Succeeded.
Jan 31 21:00:01 wien-plex systemd[10319]: Closed Multimedia System.
Jan 31 21:00:01 wien-plex systemd[10319]: dbus.socket: Succeeded.
Jan 31 21:00:01 wien-plex systemd[10319]: Closed D-Bus User Message Bus Socket.
Jan 31 21:00:01 wien-plex systemd[10319]: Reached target Shutdown.
Jan 31 21:00:01 wien-plex systemd[10319]: Starting Exit the Session...
Jan 31 21:00:02 wien-plex systemd[1]: user@0.service: Succeeded.
Jan 31 21:00:02 wien-plex systemd[1]: Stopped User Manager for UID 0.
Jan 31 21:00:02 wien-plex systemd[1]: Stopping /run/user/0 mount wrapper...
Jan 31 21:00:02 wien-plex systemd[1]: Removed slice User Slice of UID 0.
Jan 31 21:00:02 wien-plex systemd[1968]: run-user-0.mount: Succeeded.
Jan 31 21:00:02 wien-plex systemd[1]: run-user-0.mount: Succeeded.
Jan 31 21:00:02 wien-plex systemd[1]: user-runtime-dir@0.service: Succeeded.
Jan 31 21:00:02 wien-plex systemd[1]: Stopped /run/user/0 mount wrapper.
Jan 31 21:09:22 wien-plex systemd[1]: Starting dnf makecache...
Jan 31 21:09:22 wien-plex dnf[10464]: Metadata cache refreshed recently.
Jan 31 21:09:22 wien-plex systemd[1]: dnf-makecache.service: Succeeded.
Jan 31 21:09:22 wien-plex systemd[1]: Started dnf makecache.
Jan 31 21:43:53 wien-plex kernel: perf: interrupt took too long (2521 > 2500), lowering kernel.perf_event_max_sample_rate to 79000
Jan 31 21:45:13 wien-plex systemd[1]: Created slice User Slice of UID 1000.
Jan 31 21:45:13 wien-plex systemd[1]: Started /run/user/1000 mount wrapper.
Jan 31 21:45:13 wien-plex systemd[1]: Starting User Manager for UID 1000...
Jan 31 21:45:13 wien-plex systemd-logind[1308]: New session 16 of user midu.
Jan 31 21:45:13 wien-plex systemd[1]: Started Session 16 of user midu.
Jan 31 21:45:13 wien-plex systemd[10859]: Starting D-Bus User Message Bus Socket.
Jan 31 21:45:13 wien-plex systemd[10859]: Started Mark boot as successful after the user session has run 2 minutes.
Jan 31 21:45:13 wien-plex systemd[10859]: Listening on Podman Remote API Socket.
Jan 31 21:45:13 wien-plex systemd[10859]: Reached target Timers.
Jan 31 21:45:13 wien-plex systemd[10859]: Reached target Paths.
Jan 31 21:45:13 wien-plex systemd[10859]: Listening on Sound System.
Jan 31 21:45:13 wien-plex systemd[10859]: Listening on Multimedia System.
Jan 31 21:45:13 wien-plex systemd[10859]: Listening on D-Bus User Message Bus Socket.
Jan 31 21:45:13 wien-plex systemd[10859]: Reached target Sockets.
Jan 31 21:45:13 wien-plex systemd[10859]: Reached target Basic System.
Jan 31 21:45:13 wien-plex systemd[1]: Started User Manager for UID 1000.
Jan 31 21:45:13 wien-plex systemd[10859]: Starting Sound Service...
Jan 31 21:45:14 wien-plex systemd[10859]: Started D-Bus User Message Bus.
Jan 31 21:45:14 wien-plex systemd[10859]: Started Sound Service.
Jan 31 21:45:14 wien-plex systemd[10859]: Reached target Default.
Jan 31 21:45:14 wien-plex systemd[10859]: Startup finished in 1.203s.
Jan 31 21:45:14 wien-plex bluetoothd[1166]: Endpoint registered: sender=:1.589 path=/MediaEndpoint/A2DPSink/sbc
Jan 31 21:45:14 wien-plex bluetoothd[1166]: Endpoint registered: sender=:1.589 path=/MediaEndpoint/A2DPSource/sbc
Jan 31 21:47:28 wien-plex systemd[10859]: Starting Mark boot as successful...
Jan 31 21:47:28 wien-plex systemd[10859]: grub-boot-success.service: Succeeded.
Jan 31 21:47:28 wien-plex systemd[10859]: Started Mark boot as successful.
Jan 31 22:00:00 wien-plex prometheus[1781]: level=info ts=2021-01-31T21:00:00.563Z caller=compact.go:494 component=tsdb msg="write block" mint=1612116000000 maxt=1612123200000 ulid=01EXD3XJJF5P5GQYS2ZJNARP6R duration=100.922527ms
Jan 31 22:00:00 wien-plex prometheus[1781]: level=info ts=2021-01-31T21:00:00.579Z caller=head.go:809 component=tsdb msg="Head GC completed" duration=3.009731ms
Jan 31 22:00:00 wien-plex prometheus[1781]: level=info ts=2021-01-31T21:00:00.763Z caller=compact.go:440 component=tsdb msg="compact blocks" count=3 mint=1612094400000 maxt=1612116000000 ulid=01EXD3XJPTRVVTHVJAG66N4QBS sources="[01EXCFACTF2VNYS5JW369YXPT1 01EXCP642FYRC1K9JFJG2TF11E 01EXCX1VAFE2507PWR27HBCYV1]" duration=161.486734ms
Jan 31 22:00:00 wien-plex prometheus[1781]: level=info ts=2021-01-31T21:00:00.777Z caller=db.go:1152 component=tsdb msg="Deleting obsolete block" block=01EXCP642FYRC1K9JFJG2TF11E
Jan 31 22:00:00 wien-plex prometheus[1781]: level=info ts=2021-01-31T21:00:00.780Z caller=db.go:1152 component=tsdb msg="Deleting obsolete block" block=01EXCX1VAFE2507PWR27HBCYV1
Jan 31 22:00:00 wien-plex prometheus[1781]: level=info ts=2021-01-31T21:00:00.783Z caller=db.go:1152 component=tsdb msg="Deleting obsolete block" block=01EXCFACTF2VNYS5JW369YXPT1
Jan 31 22:09:23 wien-plex systemd[1]: Starting dnf makecache...
Jan 31 22:09:24 wien-plex dnf[13616]: Docker CE Stable - x86_64                        37 kB/s | 3.5 kB     00:00
Jan 31 22:09:24 wien-plex dnf[13616]: Extra Packages for Enterprise Linux Modular 8 - 238 kB/s |  35 kB     00:00
Jan 31 22:09:24 wien-plex dnf[13616]: Extra Packages for Enterprise Linux 8 - x86_64  120 kB/s |  35 kB     00:00
Jan 31 22:09:25 wien-plex dnf[13616]: grafana                                         1.0 kB/s | 488  B     00:00
Jan 31 22:09:25 wien-plex dnf[13616]: Oracle Linux 8 EPEL (x86_64)                     26 kB/s | 2.5 kB     00:00
Jan 31 22:09:25 wien-plex dnf[13616]: Oracle Linux 8 BaseOS Latest (x86_64)            35 kB/s | 2.7 kB     00:00
Jan 31 22:09:25 wien-plex dnf[13616]: Oracle Linux 8 Application Stream (x86_64)       38 kB/s | 3.1 kB     00:00
Jan 31 22:09:26 wien-plex dnf[13616]: Plex                                            8.6 kB/s | 1.4 kB     00:00
Jan 31 22:09:26 wien-plex dnf[13616]: Latest Unbreakable Enterprise Kernel Release 6   25 kB/s | 2.5 kB     00:00
Jan 31 22:09:26 wien-plex dnf[13616]: Oracle Linux / RHEL / CentOS-8 / x86_64 - Virtu 944  B/s | 181  B     00:00
Jan 31 22:09:28 wien-plex dnf[13616]: Metadata cache created.
Jan 31 22:09:28 wien-plex systemd[1]: dnf-makecache.service: Succeeded.
Jan 31 22:09:28 wien-plex systemd[1]: Started dnf makecache.
Jan 31 22:11:13 wien-plex systemd[1]: session-16.scope: Succeeded.
Jan 31 22:11:13 wien-plex systemd-logind[1308]: Session 16 logged out. Waiting for processes to exit.
Jan 31 22:11:13 wien-plex systemd-logind[1308]: Removed session 16.
Jan 31 22:11:13 wien-plex systemd[1]: Stopping User Manager for UID 1000...
Jan 31 22:11:13 wien-plex bluetoothd[1166]: Endpoint unregistered: sender=:1.589 path=/MediaEndpoint/A2DPSink/sbc
Jan 31 22:11:13 wien-plex bluetoothd[1166]: Endpoint unregistered: sender=:1.589 path=/MediaEndpoint/A2DPSource/sbc
Jan 31 22:11:13 wien-plex systemd[10859]: Stopping D-Bus User Message Bus...
Jan 31 22:11:13 wien-plex systemd[10859]: Stopped target Default.
Jan 31 22:11:13 wien-plex systemd[10859]: pulseaudio.service: Succeeded.
Jan 31 22:11:13 wien-plex systemd[10859]: Stopped Sound Service.
Jan 31 22:11:13 wien-plex systemd[10859]: dbus.service: Succeeded.
Jan 31 22:11:13 wien-plex systemd[10859]: Stopped D-Bus User Message Bus.
Jan 31 22:11:13 wien-plex systemd[10859]: Stopped target Basic System.
Jan 31 22:11:13 wien-plex systemd[10859]: Stopped target Paths.
Jan 31 22:11:13 wien-plex systemd[10859]: Stopped target Timers.
Jan 31 22:11:13 wien-plex systemd[10859]: grub-boot-success.timer: Succeeded.
Jan 31 22:11:13 wien-plex systemd[10859]: Stopped Mark boot as successful after the user session has run 2 minutes.
Jan 31 22:11:13 wien-plex systemd[10859]: Stopped target Sockets.
Jan 31 22:11:13 wien-plex systemd[10859]: dbus.socket: Succeeded.
Jan 31 22:11:13 wien-plex systemd[10859]: Closed D-Bus User Message Bus Socket.
Jan 31 22:11:13 wien-plex systemd[10859]: io.podman.socket: Succeeded.
Jan 31 22:11:13 wien-plex systemd[10859]: Closed Podman Remote API Socket.
Jan 31 22:11:13 wien-plex systemd[10859]: pipewire.socket: Succeeded.
Jan 31 22:11:13 wien-plex systemd[10859]: Closed Multimedia System.
Jan 31 22:11:13 wien-plex systemd[10859]: pulseaudio.socket: Succeeded.
Jan 31 22:11:13 wien-plex systemd[10859]: Closed Sound System.
Jan 31 22:11:13 wien-plex systemd[10859]: Reached target Shutdown.
Jan 31 22:11:13 wien-plex systemd[10859]: Starting Exit the Session...
Jan 31 22:11:13 wien-plex systemd[1]: user@1000.service: Succeeded.
Jan 31 22:11:13 wien-plex systemd[1]: Stopped User Manager for UID 1000.
Jan 31 22:11:13 wien-plex systemd[1]: Stopping /run/user/1000 mount wrapper...
Jan 31 22:11:13 wien-plex systemd[1]: Removed slice User Slice of UID 1000.
Jan 31 22:11:13 wien-plex systemd[1]: run-user-1000.mount: Succeeded.
Jan 31 22:11:13 wien-plex systemd[1]: user-runtime-dir@1000.service: Succeeded.
Jan 31 22:11:13 wien-plex systemd[1]: Stopped /run/user/1000 mount wrapper.
Jan 31 22:11:13 wien-plex systemd[1968]: run-user-1000.mount: Succeeded.
Jan 31 23:07:24 wien-plex kernel: perf: interrupt took too long (3158 > 3151), lowering kernel.perf_event_max_sample_rate to 63000
Jan 31 23:09:29 wien-plex systemd[1]: Starting dnf makecache...
Jan 31 23:09:29 wien-plex dnf[14321]: Metadata cache refreshed recently.
Jan 31 23:09:29 wien-plex systemd[1]: dnf-makecache.service: Succeeded.
Jan 31 23:09:29 wien-plex systemd[1]: Started dnf makecache.
Jan 31 23:29:18 wien-plex systemd[1]: Started /run/user/1000 mount wrapper.
Jan 31 23:29:18 wien-plex systemd[1]: Created slice User Slice of UID 1000.
Jan 31 23:29:18 wien-plex systemd[1]: Starting User Manager for UID 1000...
Jan 31 23:29:18 wien-plex systemd[1]: Started Session 18 of user midu.
Jan 31 23:29:18 wien-plex systemd-logind[1308]: New session 18 of user midu.
Jan 31 23:29:18 wien-plex systemd[14519]: Started Mark boot as successful after the user session has run 2 minutes.
Jan 31 23:29:18 wien-plex systemd[14519]: Reached target Timers.
Jan 31 23:29:18 wien-plex systemd[14519]: Listening on Sound System.
Jan 31 23:29:18 wien-plex systemd[14519]: Listening on Multimedia System.
Jan 31 23:29:18 wien-plex systemd[14519]: Listening on Podman Remote API Socket.
Jan 31 23:29:18 wien-plex systemd[14519]: Starting D-Bus User Message Bus Socket.
Jan 31 23:29:18 wien-plex systemd[14519]: Reached target Paths.
Jan 31 23:29:18 wien-plex systemd[14519]: Listening on D-Bus User Message Bus Socket.
Jan 31 23:29:18 wien-plex systemd[14519]: Reached target Sockets.
Jan 31 23:29:18 wien-plex systemd[14519]: Reached target Basic System.
Jan 31 23:29:18 wien-plex systemd[1]: Started User Manager for UID 1000.
Jan 31 23:29:18 wien-plex systemd[14519]: Starting Sound Service...
Jan 31 23:29:19 wien-plex systemd[14519]: Started D-Bus User Message Bus.
Jan 31 23:29:19 wien-plex systemd[14519]: Started Sound Service.
Jan 31 23:29:19 wien-plex systemd[14519]: Reached target Default.
Jan 31 23:29:19 wien-plex systemd[14519]: Startup finished in 1.284s.
Jan 31 23:29:19 wien-plex bluetoothd[1166]: Endpoint registered: sender=:1.685 path=/MediaEndpoint/A2DPSink/sbc
Jan 31 23:29:19 wien-plex bluetoothd[1166]: Endpoint registered: sender=:1.685 path=/MediaEndpoint/A2DPSource/sbc
Jan 31 23:29:28 wien-plex systemd[1]: session-18.scope: Succeeded.
Jan 31 23:29:28 wien-plex systemd-logind[1308]: Session 18 logged out. Waiting for processes to exit.
Jan 31 23:29:28 wien-plex systemd[14519]: pulseaudio.service: Succeeded.
Jan 31 23:29:28 wien-plex bluetoothd[1166]: Endpoint unregistered: sender=:1.685 path=/MediaEndpoint/A2DPSink/sbc
Jan 31 23:29:28 wien-plex bluetoothd[1166]: Endpoint unregistered: sender=:1.685 path=/MediaEndpoint/A2DPSource/sbc
Jan 31 23:29:28 wien-plex systemd-logind[1308]: Removed session 18.
Jan 31 23:29:28 wien-plex systemd[1]: Stopping User Manager for UID 1000...
Jan 31 23:29:28 wien-plex systemd[14519]: Stopping D-Bus User Message Bus...
Jan 31 23:29:28 wien-plex systemd[14519]: Stopped target Default.
Jan 31 23:29:28 wien-plex systemd[14519]: dbus.service: Succeeded.
Jan 31 23:29:28 wien-plex systemd[14519]: Stopped D-Bus User Message Bus.
Jan 31 23:29:28 wien-plex systemd[14519]: Stopped target Basic System.
Jan 31 23:29:28 wien-plex systemd[14519]: Stopped target Sockets.
Jan 31 23:29:28 wien-plex systemd[14519]: pipewire.socket: Succeeded.
Jan 31 23:29:28 wien-plex systemd[14519]: Closed Multimedia System.
Jan 31 23:29:28 wien-plex systemd[14519]: pulseaudio.socket: Succeeded.
Jan 31 23:29:28 wien-plex systemd[14519]: Closed Sound System.
Jan 31 23:29:28 wien-plex systemd[14519]: io.podman.socket: Succeeded.
Jan 31 23:29:28 wien-plex systemd[14519]: Closed Podman Remote API Socket.
Jan 31 23:29:28 wien-plex systemd[14519]: Stopped target Timers.
Jan 31 23:29:28 wien-plex systemd[14519]: grub-boot-success.timer: Succeeded.
Jan 31 23:29:28 wien-plex systemd[14519]: Stopped Mark boot as successful after the user session has run 2 minutes.
Jan 31 23:29:28 wien-plex systemd[14519]: Stopped target Paths.
Jan 31 23:29:28 wien-plex systemd[14519]: dbus.socket: Succeeded.
Jan 31 23:29:28 wien-plex systemd[14519]: Closed D-Bus User Message Bus Socket.
Jan 31 23:29:28 wien-plex systemd[14519]: Reached target Shutdown.
Jan 31 23:29:28 wien-plex systemd[14519]: Starting Exit the Session...
Jan 31 23:29:28 wien-plex systemd[1]: user@1000.service: Succeeded.
Jan 31 23:29:28 wien-plex systemd[1]: Stopped User Manager for UID 1000.
Jan 31 23:29:28 wien-plex systemd[1]: Stopping /run/user/1000 mount wrapper...
Jan 31 23:29:28 wien-plex systemd[1]: Removed slice User Slice of UID 1000.
Jan 31 23:29:28 wien-plex systemd[1]: run-user-1000.mount: Succeeded.
Jan 31 23:29:28 wien-plex systemd[1]: user-runtime-dir@1000.service: Succeeded.
Jan 31 23:29:28 wien-plex systemd[1]: Stopped /run/user/1000 mount wrapper.
Jan 31 23:29:28 wien-plex systemd[1968]: run-user-1000.mount: Succeeded.
Feb  1 00:00:00 wien-plex systemd[1]: Starting update of the root trust anchor for DNSSEC validation in unbound...
Feb  1 00:00:00 wien-plex systemd[1]: unbound-anchor.service: Succeeded.
Feb  1 00:00:00 wien-plex systemd[1]: Started update of the root trust anchor for DNSSEC validation in unbound.
Feb  1 00:00:00 wien-plex prometheus[1781]: level=info ts=2021-01-31T23:00:00.623Z caller=compact.go:494 component=tsdb msg="write block" mint=1612123200000 maxt=1612130400000 ulid=01EXDAS9TFEQPRP6A5SHX57GP4 duration=159.836036ms
Feb  1 00:00:00 wien-plex prometheus[1781]: level=info ts=2021-01-31T23:00:00.643Z caller=head.go:809 component=tsdb msg="Head GC completed" duration=3.057047ms
Feb  1 00:00:00 wien-plex prometheus[1781]: level=info ts=2021-01-31T23:00:00.675Z caller=checkpoint.go:96 component=tsdb msg="Creating checkpoint" from_segment=124 to_segment=125 mint=1612130400000
Feb  1 00:00:00 wien-plex prometheus[1781]: level=info ts=2021-01-31T23:00:00.997Z caller=head.go:889 component=tsdb msg="WAL checkpoint complete" first=124 last=125 duration=322.36236ms
Feb  1 00:00:01 wien-plex systemd[1]: Started /run/user/0 mount wrapper.
Feb  1 00:00:01 wien-plex systemd[1]: Created slice User Slice of UID 0.
Feb  1 00:00:01 wien-plex systemd[1]: Starting User Manager for UID 0...
Feb  1 00:00:01 wien-plex systemd[1]: Started Session 20 of user root.
Feb  1 00:00:01 wien-plex systemd[15564]: Reached target Paths.
Feb  1 00:00:01 wien-plex systemd[15564]: Listening on Multimedia System.
Feb  1 00:00:01 wien-plex systemd[15564]: Starting D-Bus User Message Bus Socket.
Feb  1 00:00:01 wien-plex systemd[15564]: Reached target Timers.
Feb  1 00:00:01 wien-plex systemd[15564]: Listening on D-Bus User Message Bus Socket.
Feb  1 00:00:01 wien-plex systemd[15564]: Reached target Sockets.
Feb  1 00:00:01 wien-plex systemd[15564]: Reached target Basic System.
Feb  1 00:00:01 wien-plex systemd[15564]: Reached target Default.
Feb  1 00:00:01 wien-plex systemd[15564]: Startup finished in 168ms.
Feb  1 00:00:01 wien-plex systemd[1]: Started User Manager for UID 0.
Feb  1 00:00:01 wien-plex systemd[1]: session-20.scope: Succeeded.
Feb  1 00:00:01 wien-plex systemd[1]: Stopping User Manager for UID 0...
Feb  1 00:00:01 wien-plex systemd[15564]: Stopped target Default.
Feb  1 00:00:01 wien-plex systemd[15564]: Stopped target Basic System.
Feb  1 00:00:01 wien-plex systemd[15564]: Stopped target Paths.
Feb  1 00:00:01 wien-plex systemd[15564]: Stopped target Timers.
Feb  1 00:00:01 wien-plex systemd[15564]: Stopped target Sockets.
Feb  1 00:00:01 wien-plex systemd[15564]: dbus.socket: Succeeded.
Feb  1 00:00:01 wien-plex systemd[15564]: Closed D-Bus User Message Bus Socket.
Feb  1 00:00:01 wien-plex systemd[15564]: pipewire.socket: Succeeded.
Feb  1 00:00:01 wien-plex systemd[15564]: Closed Multimedia System.
Feb  1 00:00:01 wien-plex systemd[15564]: Reached target Shutdown.
Feb  1 00:00:01 wien-plex systemd[15564]: Starting Exit the Session...
Feb  1 00:00:01 wien-plex systemd[1]: user@0.service: Succeeded.
Feb  1 00:00:01 wien-plex systemd[1]: Stopped User Manager for UID 0.
Feb  1 00:00:01 wien-plex systemd[1]: Stopping /run/user/0 mount wrapper...
Feb  1 00:00:01 wien-plex systemd[1]: Removed slice User Slice of UID 0.
Feb  1 00:00:01 wien-plex systemd[1968]: run-user-0.mount: Succeeded.
Feb  1 00:00:01 wien-plex systemd[1]: run-user-0.mount: Succeeded.
Feb  1 00:00:01 wien-plex systemd[1]: user-runtime-dir@0.service: Succeeded.
Feb  1 00:00:01 wien-plex systemd[1]: Stopped /run/user/0 mount wrapper.
Feb  1 00:09:29 wien-plex systemd[1]: Starting dnf makecache...
Feb  1 00:09:30 wien-plex dnf[15712]: Metadata cache refreshed recently.
Feb  1 00:09:30 wien-plex systemd[1]: dnf-makecache.service: Succeeded.
Feb  1 00:09:30 wien-plex systemd[1]: Started dnf makecache.
Feb  1 01:09:30 wien-plex systemd[1]: Starting dnf makecache...
Feb  1 01:09:31 wien-plex dnf[16258]: Docker CE Stable - x86_64                       9.2 kB/s | 3.5 kB     00:00
Feb  1 01:09:31 wien-plex dnf[16258]: Extra Packages for Enterprise Linux Modular 8 - 219 kB/s |  35 kB     00:00
Feb  1 01:09:32 wien-plex dnf[16258]: Extra Packages for Enterprise Linux 8 - x86_64  113 kB/s |  36 kB     00:00
Feb  1 01:09:32 wien-plex dnf[16258]: grafana                                         2.1 kB/s | 488  B     00:00
Feb  1 01:09:32 wien-plex dnf[16258]: Oracle Linux 8 EPEL (x86_64)                     24 kB/s | 2.5 kB     00:00
Feb  1 01:09:32 wien-plex dnf[16258]: Oracle Linux 8 BaseOS Latest (x86_64)            35 kB/s | 2.7 kB     00:00
Feb  1 01:09:33 wien-plex dnf[16258]: Oracle Linux 8 Application Stream (x86_64)       44 kB/s | 3.1 kB     00:00
Feb  1 01:09:33 wien-plex dnf[16258]: Plex                                             12 kB/s | 1.4 kB     00:00
Feb  1 01:09:33 wien-plex dnf[16258]: Latest Unbreakable Enterprise Kernel Release 6   37 kB/s | 2.5 kB     00:00
Feb  1 01:09:33 wien-plex dnf[16258]: Oracle Linux / RHEL / CentOS-8 / x86_64 - Virtu 698  B/s | 181  B     00:00
Feb  1 01:09:36 wien-plex dnf[16258]: Metadata cache created.
Feb  1 01:09:36 wien-plex systemd[1]: dnf-makecache.service: Succeeded.
Feb  1 01:09:36 wien-plex systemd[1]: Started dnf makecache.
Feb  1 21:05:23 wien-plex kernel: Linux version 5.4.17-2036.102.0.2.el8uek.x86_64 (mockbuild@jenkins-172-17-0-2-645aa968-b7f9-4149-96f9-680f88699c0b) (gcc version 8.3.1 20190507 (Red Hat 8.3.1-4.5.0.8) (GCC)) #2 SMP Tue Jan 5 12:46:40 PST 2021
Feb  1 21:05:23 wien-plex kernel: Command line: BOOT_IMAGE=(hd2,gpt2)/vmlinuz-5.4.17-2036.102.0.2.el8uek.x86_64 root=/dev/mapper/ol-root ro crashkernel=auto resume=/dev/mapper/ol-swap rd.lvm.lv=ol/root rd.lvm.lv=ol/swap rhgb quiet
Feb  1 21:05:23 wien-plex kernel: x86/fpu: Supporting XSAVE feature 0x001: 'x87 floating point registers'
Feb  1 21:05:23 wien-plex kernel: x86/fpu: Supporting XSAVE feature 0x002: 'SSE registers'
Feb  1 21:05:23 wien-plex kernel: x86/fpu: Supporting XSAVE feature 0x008: 'MPX bounds registers'
Feb  1 21:05:23 wien-plex kernel: x86/fpu: Supporting XSAVE feature 0x010: 'MPX CSR'
Feb  1 21:05:23 wien-plex kernel: x86/fpu: xstate_offset[3]:  576, xstate_sizes[3]:   64
Feb  1 21:05:23 wien-plex kernel: x86/fpu: xstate_offset[4]:  640, xstate_sizes[4]:   64
Feb  1 21:05:23 wien-plex kernel: x86/fpu: Enabled xstate features 0x1b, context size is 704 bytes, using 'compacted' format.
Feb  1 21:05:23 wien-plex kernel: BIOS-provided physical RAM map:
Feb  1 21:05:23 wien-plex kernel: BIOS-e820: [mem 0x0000000000000000-0x000000000003dfff] usable
Feb  1 21:05:23 wien-plex kernel: BIOS-e820: [mem 0x000000000003e000-0x000000000003ffff] reserved
Feb  1 21:05:23 wien-plex kernel: BIOS-e820: [mem 0x0000000000040000-0x000000000009dfff] usable
Feb  1 21:05:23 wien-plex kernel: BIOS-e820: [mem 0x000000000009e000-0x00000000000fffff] reserved
Feb  1 21:05:23 wien-plex kernel: BIOS-e820: [mem 0x0000000000100000-0x000000000fffffff] usable
Feb  1 21:05:23 wien-plex kernel: BIOS-e820: [mem 0x0000000010000000-0x0000000012150fff] reserved
Feb  1 21:05:23 wien-plex kernel: BIOS-e820: [mem 0x0000000012151000-0x00000000753b2fff] usable
Feb  1 21:05:23 wien-plex kernel: BIOS-e820: [mem 0x00000000753b3000-0x00000000797f3fff] reserved
Feb  1 21:05:23 wien-plex kernel: BIOS-e820: [mem 0x00000000797f4000-0x000000007980ffff] usable
Feb  1 21:05:23 wien-plex kernel: BIOS-e820: [mem 0x0000000079810000-0x0000000079865fff] ACPI NVS
Feb  1 21:05:23 wien-plex kernel: BIOS-e820: [mem 0x0000000079866000-0x0000000079ba2fff] reserved
Feb  1 21:05:23 wien-plex kernel: BIOS-e820: [mem 0x0000000079ba3000-0x000000007a5e2fff] usable
Feb  1 21:05:23 wien-plex kernel: BIOS-e820: [mem 0x000000007a5e3000-0x000000007a68efff] reserved
Feb  1 21:05:23 wien-plex kernel: BIOS-e820: [mem 0x000000007a68f000-0x000000007abfffff] usable
Feb  1 21:05:23 wien-plex kernel: BIOS-e820: [mem 0x000000007ac00000-0x000000007fffffff] reserved
Feb  1 21:05:23 wien-plex kernel: BIOS-e820: [mem 0x00000000d0000000-0x00000000d0ffffff] reserved
Feb  1 21:05:23 wien-plex kernel: BIOS-e820: [mem 0x00000000d3709000-0x00000000d3709fff] reserved
Feb  1 21:05:23 wien-plex kernel: BIOS-e820: [mem 0x00000000e0000000-0x00000000efffffff] reserved
Feb  1 21:05:23 wien-plex kernel: BIOS-e820: [mem 0x00000000fe042000-0x00000000fe044fff] reserved
Feb  1 21:05:23 wien-plex kernel: BIOS-e820: [mem 0x00000000fe900000-0x00000000fe902fff] reserved
Feb  1 21:05:23 wien-plex kernel: BIOS-e820: [mem 0x00000000fec00000-0x00000000fec00fff] reserved
Feb  1 21:05:23 wien-plex kernel: BIOS-e820: [mem 0x00000000fed01000-0x00000000fed01fff] reserved
Feb  1 21:05:23 wien-plex kernel: BIOS-e820: [mem 0x00000000fee00000-0x00000000fee00fff] reserved
Feb  1 21:05:23 wien-plex kernel: BIOS-e820: [mem 0x00000000ff000000-0x00000000ffffffff] reserved
Feb  1 21:05:23 wien-plex kernel: BIOS-e820: [mem 0x0000000100000000-0x000000027fffffff] usable
Feb  1 21:05:23 wien-plex kernel: NX (Execute Disable) protection: active
Feb  1 21:05:23 wien-plex kernel: efi: EFI v2.60 by American Megatrends
Feb  1 21:05:23 wien-plex kernel: efi:  ACPI 2.0=0x79810000  ACPI=0x79810000  TPMFinalLog=0x79834000  SMBIOS=0x79a47000  SMBIOS 3.0=0x79a46000  ESRT=0x7422fe98  MEMATTR=0x7210a018  TPMEventLog=0x6e106018 
Feb  1 21:05:23 wien-plex kernel: SMBIOS 3.1.1 present.
Feb  1 21:05:23 wien-plex kernel: DMI: GIGABYTE MZGLKAP-00/MZGLKAP-00, BIOS F6 03/19/2019
Feb  1 21:05:23 wien-plex kernel: tsc: Fast TSC calibration using PIT
Feb  1 21:05:23 wien-plex kernel: tsc: Detected 1497.600 MHz processor
Feb  1 21:05:23 wien-plex kernel: last_pfn = 0x280000 max_arch_pfn = 0x400000000
Feb  1 21:05:23 wien-plex kernel: x86/PAT: Configuration [0-7]: WB  WC  UC- UC  WB  WP  UC- WT  
Feb  1 21:05:23 wien-plex kernel: last_pfn = 0x7ac00 max_arch_pfn = 0x400000000
Feb  1 21:05:23 wien-plex kernel: esrt: Reserving ESRT space from 0x000000007422fe98 to 0x000000007422fed0.
Feb  1 21:05:23 wien-plex kernel: check: Scanning 1 areas for low memory corruption
Feb  1 21:05:23 wien-plex kernel: kexec: Reserving the low 1M of memory for crashkernel
Feb  1 21:05:23 wien-plex kernel: Using GB pages for direct mapping
Feb  1 21:05:23 wien-plex kernel: Secure boot disabled
Feb  1 21:05:23 wien-plex kernel: RAMDISK: [mem 0x39845000-0x3cc9bfff]
Feb  1 21:05:23 wien-plex kernel: ACPI: Early table checksum verification disabled
Feb  1 21:05:23 wien-plex kernel: ACPI: RSDP 0x0000000079810000 000024 (v02 GBT   )
Feb  1 21:05:23 wien-plex kernel: ACPI: XSDT 0x00000000798100C0 0000E4 (v01 GBT    GBTUACPI 01072009 AMI  00010013)
Feb  1 21:05:23 wien-plex kernel: ACPI: FACP 0x000000007981BBF0 000114 (v06 GBT    GBTUACPI 01072009 AMI  00010013)
Feb  1 21:05:23 wien-plex kernel: ACPI: DSDT 0x0000000079810250 00B991 (v02 GBT    GBTUACPI 01072009 INTL 20160930)
Feb  1 21:05:23 wien-plex kernel: ACPI: FACS 0x0000000079865080 000040
Feb  1 21:05:23 wien-plex kernel: ACPI: FPDT 0x000000007981BD10 000044 (v01 GBT    GBTUACPI 01072009 AMI  00010013)
Feb  1 21:05:23 wien-plex kernel: ACPI: FIDT 0x000000007981BD60 00009C (v01 GBT    GBTUACPI 01072009 AMI  00010013)
Feb  1 21:05:23 wien-plex kernel: ACPI: MCFG 0x000000007981BE00 00003C (v01 GBT    GBTUACPI 01072009 MSFT 00000097)
Feb  1 21:05:23 wien-plex kernel: ACPI: HPET 0x000000007981BE40 000038 (v01 INTEL  GLK-SOC  00000003 BRXT 0100000D)
Feb  1 21:05:23 wien-plex kernel: ACPI: LPIT 0x000000007981BE80 00005C (v01 INTEL  GLK-SOC  00000003 BRXT 0100000D)
Feb  1 21:05:23 wien-plex kernel: ACPI: APIC 0x000000007981BEE0 000084 (v03 INTEL  GLK-SOC  00000003 BRXT 0100000D)
Feb  1 21:05:23 wien-plex kernel: ACPI: NPKT 0x000000007981BF70 000065 (v01 INTEL  GLK-SOC  00000003 BRXT 0100000D)
Feb  1 21:05:23 wien-plex kernel: ACPI: SSDT 0x000000007981BFE0 00478B (v02 INTEL  RVPRtd3  00000003 BRXT 0100000D)
Feb  1 21:05:23 wien-plex kernel: ACPI: SSDT 0x0000000079820770 0010B3 (v02 INTEL  UsbCTabl 00000003 BRXT 0100000D)
Feb  1 21:05:23 wien-plex kernel: ACPI: SSDT 0x0000000079821830 00153E (v01 Intel_ Platform 00001000 INTL 20160930)
Feb  1 21:05:23 wien-plex kernel: ACPI: SSDT 0x0000000079822D70 0000B1 (v01 Intel_ ADebTabl 00001000 INTL 20160930)
Feb  1 21:05:23 wien-plex kernel: ACPI: SSDT 0x0000000079822E30 0004D5 (v02 PmRef  Cpu0Ist  00003000 INTL 20160930)
Feb  1 21:05:23 wien-plex kernel: ACPI: SSDT 0x0000000079823310 000775 (v02 CpuRef CpuSsdt  00003000 INTL 20160930)
Feb  1 21:05:23 wien-plex kernel: ACPI: SSDT 0x0000000079823A90 00035F (v02 PmRef  Cpu0Tst  00003000 INTL 20160930)
Feb  1 21:05:23 wien-plex kernel: ACPI: SSDT 0x0000000079823DF0 0001E6 (v02 PmRef  ApTst    00003000 INTL 20160930)
Feb  1 21:05:23 wien-plex kernel: ACPI: SSDT 0x0000000079823FE0 0028FE (v02 SaSsdt SaSsdt   00003000 INTL 20160930)
Feb  1 21:05:23 wien-plex kernel: ACPI: UEFI 0x00000000798268E0 000042 (v01 GBT    GBTUACPI 00000002      01000013)
Feb  1 21:05:23 wien-plex kernel: ACPI: TPM2 0x0000000079826930 000034 (v03 GBT    GBTUACPI 00000001 AMI  00000000)
Feb  1 21:05:23 wien-plex kernel: ACPI: DBGP 0x0000000079826970 000034 (v01 INTEL  GLK-SOC  00000003 BRXT 0100000D)
Feb  1 21:05:23 wien-plex kernel: ACPI: DBG2 0x00000000798269B0 000072 (v00 INTEL  GLK-SOC  00000003 BRXT 0100000D)
Feb  1 21:05:23 wien-plex kernel: ACPI: DMAR 0x0000000079826A30 0000A8 (v01 INTEL  GLK-SOC  00000003 BRXT 0100000D)
Feb  1 21:05:23 wien-plex kernel: ACPI: WDAT 0x0000000079826AE0 000104 (v01                 00000000      00000000)
Feb  1 21:05:23 wien-plex kernel: ACPI: WSMT 0x0000000079826BF0 000028 (v01 GBT    GBTUACPI 01072009 AMI  00010013)
Feb  1 21:05:23 wien-plex kernel: No NUMA configuration found
Feb  1 21:05:23 wien-plex kernel: Faking a node at [mem 0x0000000000000000-0x000000027fffffff]
Feb  1 21:05:23 wien-plex kernel: NODE_DATA(0) allocated [mem 0x27ffd5000-0x27fffffff]
Feb  1 21:05:23 wien-plex kernel: Using crashkernel=auto, the size chosen is a best effort estimation.
Feb  1 21:05:23 wien-plex kernel: Reserving 280MB of memory at 1428MB for crashkernel (System RAM: 8001MB)
Feb  1 21:05:23 wien-plex kernel: Zone ranges:
Feb  1 21:05:23 wien-plex kernel:  DMA      [mem 0x0000000000001000-0x0000000000ffffff]
Feb  1 21:05:23 wien-plex kernel:  DMA32    [mem 0x0000000001000000-0x00000000ffffffff]
Feb  1 21:05:23 wien-plex kernel:  Normal   [mem 0x0000000100000000-0x000000027fffffff]
Feb  1 21:05:23 wien-plex kernel:  Device   empty
Feb  1 21:05:23 wien-plex kernel: Movable zone start for each node
Feb  1 21:05:23 wien-plex kernel: Early memory node ranges
Feb  1 21:05:23 wien-plex kernel:  node   0: [mem 0x0000000000001000-0x000000000003dfff]
Feb  1 21:05:23 wien-plex kernel:  node   0: [mem 0x0000000000040000-0x000000000009dfff]
Feb  1 21:05:23 wien-plex kernel:  node   0: [mem 0x0000000000100000-0x000000000fffffff]
Feb  1 21:05:23 wien-plex kernel:  node   0: [mem 0x0000000012151000-0x00000000753b2fff]
Feb  1 21:05:23 wien-plex kernel:  node   0: [mem 0x00000000797f4000-0x000000007980ffff]
Feb  1 21:05:23 wien-plex kernel:  node   0: [mem 0x0000000079ba3000-0x000000007a5e2fff]
Feb  1 21:05:23 wien-plex kernel:  node   0: [mem 0x000000007a68f000-0x000000007abfffff]
Feb  1 21:05:23 wien-plex kernel:  node   0: [mem 0x0000000100000000-0x000000027fffffff]
Feb  1 21:05:23 wien-plex kernel: Zeroed struct page in unavailable ranges: 48694 pages
Feb  1 21:05:23 wien-plex kernel: Initmem setup node 0 [mem 0x0000000000001000-0x000000027fffffff]
Feb  1 21:05:23 wien-plex kernel: Reserving Intel graphics memory at [mem 0x7c000000-0x7fffffff]
Feb  1 21:05:23 wien-plex kernel: ACPI: PM-Timer IO Port: 0x408
Feb  1 21:05:23 wien-plex kernel: ACPI: LAPIC_NMI (acpi_id[0x01] high level lint[0x1])
Feb  1 21:05:23 wien-plex kernel: ACPI: LAPIC_NMI (acpi_id[0x02] high level lint[0x1])
Feb  1 21:05:23 wien-plex kernel: ACPI: LAPIC_NMI (acpi_id[0x03] high level lint[0x1])
Feb  1 21:05:23 wien-plex kernel: ACPI: LAPIC_NMI (acpi_id[0x04] high level lint[0x1])
Feb  1 21:05:23 wien-plex kernel: IOAPIC[0]: apic_id 1, version 32, address 0xfec00000, GSI 0-119
Feb  1 21:05:23 wien-plex kernel: ACPI: INT_SRC_OVR (bus 0 bus_irq 0 global_irq 2 dfl dfl)
Feb  1 21:05:23 wien-plex kernel: ACPI: INT_SRC_OVR (bus 0 bus_irq 9 global_irq 9 low level)
Feb  1 21:05:23 wien-plex kernel: Using ACPI (MADT) for SMP configuration information
Feb  1 21:05:23 wien-plex kernel: ACPI: HPET id: 0x8086a701 base: 0xfed00000
Feb  1 21:05:23 wien-plex kernel: TSC deadline timer available
Feb  1 21:05:23 wien-plex kernel: smpboot: Allowing 4 CPUs, 0 hotplug CPUs
Feb  1 21:05:23 wien-plex kernel: PM: Registered nosave memory: [mem 0x00000000-0x00000fff]
Feb  1 21:05:23 wien-plex kernel: PM: Registered nosave memory: [mem 0x0003e000-0x0003ffff]
Feb  1 21:05:23 wien-plex kernel: PM: Registered nosave memory: [mem 0x0009e000-0x000fffff]
Feb  1 21:05:23 wien-plex kernel: PM: Registered nosave memory: [mem 0x10000000-0x12150fff]
Feb  1 21:05:23 wien-plex kernel: PM: Registered nosave memory: [mem 0x7422f000-0x7422ffff]
Feb  1 21:05:23 wien-plex kernel: PM: Registered nosave memory: [mem 0x753b3000-0x797f3fff]
Feb  1 21:05:23 wien-plex kernel: PM: Registered nosave memory: [mem 0x79810000-0x79865fff]
Feb  1 21:05:23 wien-plex kernel: PM: Registered nosave memory: [mem 0x79866000-0x79ba2fff]
Feb  1 21:05:23 wien-plex kernel: PM: Registered nosave memory: [mem 0x7a5e3000-0x7a68efff]
Feb  1 21:05:23 wien-plex kernel: PM: Registered nosave memory: [mem 0x7ac00000-0x7fffffff]
Feb  1 21:05:23 wien-plex kernel: PM: Registered nosave memory: [mem 0x80000000-0xcfffffff]
Feb  1 21:05:23 wien-plex kernel: PM: Registered nosave memory: [mem 0xd0000000-0xd0ffffff]
Feb  1 21:05:23 wien-plex kernel: PM: Registered nosave memory: [mem 0xd1000000-0xd3708fff]
Feb  1 21:05:23 wien-plex kernel: PM: Registered nosave memory: [mem 0xd3709000-0xd3709fff]
Feb  1 21:05:23 wien-plex kernel: PM: Registered nosave memory: [mem 0xd370a000-0xdfffffff]
Feb  1 21:05:23 wien-plex kernel: PM: Registered nosave memory: [mem 0xe0000000-0xefffffff]
Feb  1 21:05:23 wien-plex kernel: PM: Registered nosave memory: [mem 0xf0000000-0xfe041fff]
Feb  1 21:05:23 wien-plex kernel: PM: Registered nosave memory: [mem 0xfe042000-0xfe044fff]
Feb  1 21:05:23 wien-plex kernel: PM: Registered nosave memory: [mem 0xfe045000-0xfe8fffff]
Feb  1 21:05:23 wien-plex kernel: PM: Registered nosave memory: [mem 0xfe900000-0xfe902fff]
Feb  1 21:05:23 wien-plex kernel: PM: Registered nosave memory: [mem 0xfe903000-0xfebfffff]
Feb  1 21:05:23 wien-plex kernel: PM: Registered nosave memory: [mem 0xfec00000-0xfec00fff]
Feb  1 21:05:23 wien-plex kernel: PM: Registered nosave memory: [mem 0xfec01000-0xfed00fff]
Feb  1 21:05:23 wien-plex kernel: PM: Registered nosave memory: [mem 0xfed01000-0xfed01fff]
Feb  1 21:05:23 wien-plex kernel: PM: Registered nosave memory: [mem 0xfed02000-0xfedfffff]
Feb  1 21:05:23 wien-plex kernel: PM: Registered nosave memory: [mem 0xfee00000-0xfee00fff]
Feb  1 21:05:23 wien-plex kernel: PM: Registered nosave memory: [mem 0xfee01000-0xfeffffff]
Feb  1 21:05:23 wien-plex kernel: PM: Registered nosave memory: [mem 0xff000000-0xffffffff]
Feb  1 21:05:23 wien-plex kernel: [mem 0x80000000-0xcfffffff] available for PCI devices
Feb  1 21:05:23 wien-plex kernel: Booting paravirtualized kernel on bare hardware
Feb  1 21:05:23 wien-plex kernel: clocksource: refined-jiffies: mask: 0xffffffff max_cycles: 0xffffffff, max_idle_ns: 1910969940391419 ns
Feb  1 21:05:23 wien-plex kernel: setup_percpu: NR_CPUS:8192 nr_cpumask_bits:4 nr_cpu_ids:4 nr_node_ids:1
Feb  1 21:05:23 wien-plex kernel: percpu: Embedded 55 pages/cpu s188416 r8192 d28672 u524288
Feb  1 21:05:23 wien-plex kernel: Built 1 zonelists, mobility grouping on.  Total pages: 2016294
Feb  1 21:05:23 wien-plex kernel: Policy zone: Normal
Feb  1 21:05:23 wien-plex kernel: Kernel command line: BOOT_IMAGE=(hd2,gpt2)/vmlinuz-5.4.17-2036.102.0.2.el8uek.x86_64 root=/dev/mapper/ol-root ro crashkernel=auto resume=/dev/mapper/ol-swap rd.lvm.lv=ol/root rd.lvm.lv=ol/swap rhgb quiet
Feb  1 21:05:23 wien-plex kernel: Dentry cache hash table entries: 1048576 (order: 11, 8388608 bytes, linear)
Feb  1 21:05:23 wien-plex kernel: Inode-cache hash table entries: 524288 (order: 10, 4194304 bytes, linear)
Feb  1 21:05:23 wien-plex kernel: mem auto-init: stack:off, heap alloc:off, heap free:off
Feb  1 21:05:23 wien-plex kernel: Memory: 1594900K/8193832K available (12292K kernel code, 2226K rwdata, 5928K rodata, 2704K init, 15424K bss, 624432K reserved, 0K cma-reserved)
Feb  1 21:05:23 wien-plex kernel: random: get_random_u64 called from __kmem_cache_create+0x42/0x54c with crng_init=0
Feb  1 21:05:23 wien-plex kernel: SLUB: HWalign=64, Order=0-3, MinObjects=0, CPUs=4, Nodes=1
Feb  1 21:05:23 wien-plex kernel: Kernel/User page tables isolation: enabled
Feb  1 21:05:23 wien-plex kernel: ftrace: allocating 41646 entries in 163 pages
Feb  1 21:05:23 wien-plex kernel: rcu: Hierarchical RCU implementation.
Feb  1 21:05:23 wien-plex kernel: rcu: #011RCU restricting CPUs from NR_CPUS=8192 to nr_cpu_ids=4.
Feb  1 21:05:23 wien-plex kernel: rcu: RCU calculated value of scheduler-enlistment delay is 100 jiffies.
Feb  1 21:05:23 wien-plex kernel: rcu: Adjusting geometry for rcu_fanout_leaf=16, nr_cpu_ids=4
Feb  1 21:05:23 wien-plex kernel: NR_IRQS: 524544, nr_irqs: 1024, preallocated irqs: 16
Feb  1 21:05:23 wien-plex kernel: Console: colour dummy device 80x25
Feb  1 21:05:23 wien-plex kernel: printk: console [tty0] enabled
Feb  1 21:05:23 wien-plex kernel: ACPI: Core revision 20190816
Feb  1 21:05:23 wien-plex kernel: clocksource: hpet: mask: 0xffffffff max_cycles: 0xffffffff, max_idle_ns: 99544814920 ns
Feb  1 21:05:23 wien-plex kernel: APIC: Switch to symmetric I/O mode setup
Feb  1 21:05:23 wien-plex kernel: DMAR: Host address width 39
Feb  1 21:05:23 wien-plex kernel: DMAR: DRHD base: 0x000000fed64000 flags: 0x0
Feb  1 21:05:23 wien-plex kernel: DMAR: dmar0: reg_base_addr fed64000 ver 1:0 cap 1c0000c40660462 ecap 9e2ff0505e
Feb  1 21:05:23 wien-plex kernel: DMAR: DRHD base: 0x000000fed65000 flags: 0x1
Feb  1 21:05:23 wien-plex kernel: DMAR: dmar1: reg_base_addr fed65000 ver 1:0 cap d2008c40660462 ecap f050da
Feb  1 21:05:23 wien-plex kernel: DMAR: RMRR base: 0x00000079793000 end: 0x000000797b2fff
Feb  1 21:05:23 wien-plex kernel: DMAR: RMRR base: 0x0000007b800000 end: 0x0000007fffffff
Feb  1 21:05:23 wien-plex kernel: DMAR-IR: IOAPIC id 1 under DRHD base  0xfed65000 IOMMU 1
Feb  1 21:05:23 wien-plex kernel: DMAR-IR: HPET id 0 under DRHD base 0xfed65000
Feb  1 21:05:23 wien-plex kernel: DMAR-IR: Queued invalidation will be enabled to support x2apic and Intr-remapping.
Feb  1 21:05:23 wien-plex kernel: DMAR-IR: Enabled IRQ remapping in x2apic mode
Feb  1 21:05:23 wien-plex kernel: x2apic enabled
Feb  1 21:05:23 wien-plex kernel: Switched APIC routing to cluster x2apic.
Feb  1 21:05:23 wien-plex kernel: ..TIMER: vector=0x30 apic1=0 pin1=2 apic2=-1 pin2=-1
Feb  1 21:05:23 wien-plex kernel: clocksource: tsc-early: mask: 0xffffffffffffffff max_cycles: 0x159647815e3, max_idle_ns: 440795269835 ns
Feb  1 21:05:23 wien-plex kernel: Calibrating delay loop (skipped), value calculated using timer frequency.. 2995.20 BogoMIPS (lpj=1497600)
Feb  1 21:05:23 wien-plex kernel: pid_max: default: 32768 minimum: 301
Feb  1 21:05:23 wien-plex kernel: LSM: Security Framework initializing
Feb  1 21:05:23 wien-plex kernel: Yama: becoming mindful.
Feb  1 21:05:23 wien-plex kernel: SELinux:  Initializing.
Feb  1 21:05:23 wien-plex kernel: Mount-cache hash table entries: 16384 (order: 5, 131072 bytes, linear)
Feb  1 21:05:23 wien-plex kernel: Mountpoint-cache hash table entries: 16384 (order: 5, 131072 bytes, linear)
Feb  1 21:05:23 wien-plex kernel: x86/cpu: User Mode Instruction Prevention (UMIP) activated
Feb  1 21:05:23 wien-plex kernel: mce: CPU0: Thermal monitoring enabled (TM1)
Feb  1 21:05:23 wien-plex kernel: process: using mwait in idle threads
Feb  1 21:05:23 wien-plex kernel: Last level iTLB entries: 4KB 0, 2MB 0, 4MB 0
Feb  1 21:05:23 wien-plex kernel: Last level dTLB entries: 4KB 0, 2MB 0, 4MB 0, 1GB 0
Feb  1 21:05:23 wien-plex kernel: FEATURE SPEC_CTRL Present
Feb  1 21:05:23 wien-plex kernel: FEATURE IBPB Present
Feb  1 21:05:23 wien-plex kernel: Spectre V1 : Mitigation: usercopy/swapgs barriers and __user pointer sanitization
Feb  1 21:05:23 wien-plex kernel: Spectre V2 : Options: IBRS(enhanced) IBPB retpoline
Feb  1 21:05:23 wien-plex kernel: Spectre V2 : Mitigation: Enhanced IBRS
Feb  1 21:05:23 wien-plex kernel: Spectre V2 : Spectre v2 / SpectreRSB mitigation: Filling RSB on context switch
Feb  1 21:05:23 wien-plex kernel: Spectre V2 : mitigation: Enabling conditional Indirect Branch Prediction Barrier
Feb  1 21:05:23 wien-plex kernel: Speculative Store Bypass: Mitigation: Speculative Store Bypass disabled via prctl and seccomp
Feb  1 21:05:23 wien-plex kernel: Freeing SMP alternatives memory: 36K
Feb  1 21:05:23 wien-plex kernel: smpboot: CPU0: Intel(R) Celeron(R) J4105 CPU @ 1.50GHz (family: 0x6, model: 0x7a, stepping: 0x1)
Feb  1 21:05:23 wien-plex kernel: Performance Events: PEBS fmt3+, Goldmont plus events, 32-deep LBR, full-width counters, Intel PMU driver.
Feb  1 21:05:23 wien-plex kernel: ... version:                4
Feb  1 21:05:23 wien-plex kernel: ... bit width:              48
Feb  1 21:05:23 wien-plex kernel: ... generic registers:      4
Feb  1 21:05:23 wien-plex kernel: ... value mask:             0000ffffffffffff
Feb  1 21:05:23 wien-plex kernel: ... max period:             00007fffffffffff
Feb  1 21:05:23 wien-plex kernel: ... fixed-purpose events:   3
Feb  1 21:05:23 wien-plex kernel: ... event mask:             000000070000000f
Feb  1 21:05:23 wien-plex kernel: rcu: Hierarchical SRCU implementation.
Feb  1 21:05:23 wien-plex kernel: NMI watchdog: Enabled. Permanently consumes one hw-PMU counter.
Feb  1 21:05:23 wien-plex kernel: smp: Bringing up secondary CPUs ...
Feb  1 21:05:23 wien-plex kernel: x86: Booting SMP configuration:
Feb  1 21:05:23 wien-plex kernel: .... node  #0, CPUs:      #1 #2 #3
Feb  1 21:05:23 wien-plex kernel: smp: Brought up 1 node, 4 CPUs
Feb  1 21:05:23 wien-plex kernel: smpboot: Max logical packages: 1
Feb  1 21:05:23 wien-plex kernel: smpboot: Total of 4 processors activated (11980.80 BogoMIPS)
Feb  1 21:05:23 wien-plex kernel: node 0 deferred pages initialised in 25ms
Feb  1 21:05:23 wien-plex kernel: devtmpfs: initialized
Feb  1 21:05:23 wien-plex kernel: x86/mm: Memory block size: 128MB
Feb  1 21:05:23 wien-plex kernel: PM: Registering ACPI NVS region [mem 0x79810000-0x79865fff] (352256 bytes)
Feb  1 21:05:23 wien-plex kernel: clocksource: jiffies: mask: 0xffffffff max_cycles: 0xffffffff, max_idle_ns: 1911260446275000 ns
Feb  1 21:05:23 wien-plex kernel: futex hash table entries: 1024 (order: 4, 65536 bytes, linear)
Feb  1 21:05:23 wien-plex kernel: pinctrl core: initialized pinctrl subsystem
Feb  1 21:05:23 wien-plex kernel: NET: Registered protocol family 16
Feb  1 21:05:23 wien-plex kernel: audit: initializing netlink subsys (disabled)
Feb  1 21:05:23 wien-plex kernel: audit: type=2000 audit(1612209919.051:1): state=initialized audit_enabled=0 res=1
Feb  1 21:05:23 wien-plex kernel: cpuidle: using governor menu
Feb  1 21:05:23 wien-plex kernel: ACPI: bus type PCI registered
Feb  1 21:05:23 wien-plex kernel: acpiphp: ACPI Hot Plug PCI Controller Driver version: 0.5
Feb  1 21:05:23 wien-plex kernel: PCI: MMCONFIG for domain 0000 [bus 00-ff] at [mem 0xe0000000-0xefffffff] (base 0xe0000000)
Feb  1 21:05:23 wien-plex kernel: PCI: MMCONFIG at [mem 0xe0000000-0xefffffff] reserved in E820
Feb  1 21:05:23 wien-plex kernel: PCI: Using configuration type 1 for base access
Feb  1 21:05:23 wien-plex kernel: HugeTLB registered 1.00 GiB page size, pre-allocated 0 pages
Feb  1 21:05:23 wien-plex kernel: HugeTLB registered 2.00 MiB page size, pre-allocated 0 pages
Feb  1 21:05:23 wien-plex kernel: ACPI: Added _OSI(Module Device)
Feb  1 21:05:23 wien-plex kernel: ACPI: Added _OSI(Processor Device)
Feb  1 21:05:23 wien-plex kernel: ACPI: Added _OSI(3.0 _SCP Extensions)
Feb  1 21:05:23 wien-plex kernel: ACPI: Added _OSI(Processor Aggregator Device)
Feb  1 21:05:23 wien-plex kernel: ACPI: Added _OSI(Linux-Dell-Video)
Feb  1 21:05:23 wien-plex kernel: ACPI: Added _OSI(Linux-Lenovo-NV-HDMI-Audio)
Feb  1 21:05:23 wien-plex kernel: ACPI: Added _OSI(Linux-HPI-Hybrid-Graphics)
Feb  1 21:05:23 wien-plex kernel: ACPI: 10 ACPI AML tables successfully acquired and loaded
Feb  1 21:05:23 wien-plex kernel: ACPI: Dynamic OEM Table Load:
Feb  1 21:05:23 wien-plex kernel: ACPI: SSDT 0xFFFF8F72DA8A7200 000190 (v02 PmRef  Cpu0Cst  00003001 INTL 20160930)
Feb  1 21:05:23 wien-plex kernel: ACPI: Dynamic OEM Table Load:
Feb  1 21:05:23 wien-plex kernel: ACPI: SSDT 0xFFFF8F72DA8A7800 0001E6 (v02 PmRef  ApIst    00003000 INTL 20160930)
Feb  1 21:05:23 wien-plex kernel: ACPI: Dynamic OEM Table Load:
Feb  1 21:05:23 wien-plex kernel: ACPI: SSDT 0xFFFF8F72DA81CB00 0000C9 (v02 PmRef  ApCst    00003000 INTL 20160930)
Feb  1 21:05:23 wien-plex kernel: ACPI: Interpreter enabled
Feb  1 21:05:23 wien-plex kernel: ACPI: (supports S0 S3 S4 S5)
Feb  1 21:05:23 wien-plex kernel: ACPI: Using IOAPIC for interrupt routing
Feb  1 21:05:23 wien-plex kernel: PCI: Using host bridge windows from ACPI; if necessary, use "pci=nocrs" and report a bug
Feb  1 21:05:23 wien-plex kernel: ACPI: Enabled 11 GPEs in block 00 to 7F
Feb  1 21:05:23 wien-plex kernel: ACPI: Power Resource [SPPR] (on)
Feb  1 21:05:23 wien-plex kernel: ACPI: Power Resource [SPPR] (on)
Feb  1 21:05:23 wien-plex kernel: ACPI: Power Resource [UPPR] (on)
Feb  1 21:05:23 wien-plex kernel: ACPI: Power Resource [BTPR] (on)
Feb  1 21:05:23 wien-plex kernel: ACPI: Power Resource [UPPR] (on)
Feb  1 21:05:23 wien-plex kernel: ACPI: Power Resource [UPPR] (on)
Feb  1 21:05:23 wien-plex kernel: ACPI: Power Resource [PX03] (off)
Feb  1 21:05:23 wien-plex kernel: ACPI: Power Resource [BTPR] (on)
Feb  1 21:05:23 wien-plex kernel: ACPI: Power Resource [UPPR] (on)
Feb  1 21:05:23 wien-plex kernel: ACPI: Power Resource [UPPR] (on)
Feb  1 21:05:23 wien-plex kernel: ACPI: Power Resource [UPPR] (on)
Feb  1 21:05:23 wien-plex kernel: ACPI: Power Resource [USBC] (on)
Feb  1 21:05:23 wien-plex kernel: ACPI: Power Resource [LSPR] (on)
Feb  1 21:05:23 wien-plex kernel: ACPI: Power Resource [SDPR] (on)
Feb  1 21:05:23 wien-plex kernel: ACPI: Power Resource [PXP] (on)
Feb  1 21:05:23 wien-plex kernel: ACPI: Power Resource [DRST] (on)
Feb  1 21:05:23 wien-plex kernel: ACPI: Power Resource [PXP] (on)
Feb  1 21:05:23 wien-plex kernel: ACPI: Power Resource [DRST] (on)
Feb  1 21:05:23 wien-plex kernel: ACPI: Power Resource [PXP] (on)
Feb  1 21:05:23 wien-plex kernel: ACPI: Power Resource [DRST] (on)
Feb  1 21:05:23 wien-plex kernel: ACPI: Power Resource [PXP] (off)
Feb  1 21:05:23 wien-plex kernel: ACPI: Power Resource [DRST] (on)
Feb  1 21:05:23 wien-plex kernel: ACPI: Power Resource [PXP] (on)
Feb  1 21:05:23 wien-plex kernel: ACPI: Power Resource [DRST] (on)
Feb  1 21:05:23 wien-plex kernel: ACPI: Power Resource [PXP] (on)
Feb  1 21:05:23 wien-plex kernel: ACPI: Power Resource [DRST] (on)
Feb  1 21:05:23 wien-plex kernel: ACPI: Power Resource [WRST] (on)
Feb  1 21:05:23 wien-plex kernel: ACPI: Power Resource [PAUD] (on)
Feb  1 21:05:23 wien-plex kernel: ACPI: Power Resource [FN00] (on)
Feb  1 21:05:23 wien-plex kernel: ACPI: PCI Root Bridge [PCI0] (domain 0000 [bus 00-ff])
Feb  1 21:05:23 wien-plex kernel: acpi PNP0A08:00: _OSC: OS supports [ExtendedConfig ASPM ClockPM Segments MSI EDR HPX-Type3]
Feb  1 21:05:23 wien-plex kernel: acpi PNP0A08:00: _OSC: OS now controls [PCIeHotplug SHPCHotplug PME AER PCIeCapability LTR DPC]
Feb  1 21:05:23 wien-plex kernel: acpi PNP0A08:00: host bridge window [mem 0x1000000010000 window] (ignored, not CPU addressable)
Feb  1 21:05:23 wien-plex kernel: PCI host bridge to bus 0000:00
Feb  1 21:05:23 wien-plex kernel: pci_bus 0000:00: root bus resource [io  0x0070-0x0077]
Feb  1 21:05:23 wien-plex kernel: pci_bus 0000:00: root bus resource [io  0x0000-0x006f window]
Feb  1 21:05:23 wien-plex kernel: pci_bus 0000:00: root bus resource [io  0x0078-0x0cf7 window]
Feb  1 21:05:23 wien-plex kernel: pci_bus 0000:00: root bus resource [io  0x0d00-0xffff window]
Feb  1 21:05:23 wien-plex kernel: pci_bus 0000:00: root bus resource [mem 0x000a0000-0x000bffff window]
Feb  1 21:05:23 wien-plex kernel: pci_bus 0000:00: root bus resource [mem 0x000c0000-0x000dffff window]
Feb  1 21:05:23 wien-plex kernel: pci_bus 0000:00: root bus resource [mem 0x000e0000-0x000fffff window]
Feb  1 21:05:23 wien-plex kernel: pci_bus 0000:00: root bus resource [mem 0x7c000001-0x7fffffff window]
Feb  1 21:05:23 wien-plex kernel: pci_bus 0000:00: root bus resource [mem 0x80000000-0xbfffffff window]
Feb  1 21:05:23 wien-plex kernel: pci_bus 0000:00: root bus resource [mem 0xe0000000-0xefffffff window]
Feb  1 21:05:23 wien-plex kernel: pci_bus 0000:00: root bus resource [mem 0xfea00000-0xfeafffff window]
Feb  1 21:05:23 wien-plex kernel: pci_bus 0000:00: root bus resource [mem 0xfed00000-0xfed003ff window]
Feb  1 21:05:23 wien-plex kernel: pci_bus 0000:00: root bus resource [mem 0xfed01000-0xfed01fff window]
Feb  1 21:05:23 wien-plex kernel: pci_bus 0000:00: root bus resource [mem 0xfed03000-0xfed03fff window]
Feb  1 21:05:23 wien-plex kernel: pci_bus 0000:00: root bus resource [mem 0xfed06000-0xfed06fff window]
Feb  1 21:05:23 wien-plex kernel: pci_bus 0000:00: root bus resource [mem 0xfed08000-0xfed09fff window]
Feb  1 21:05:23 wien-plex kernel: pci_bus 0000:00: root bus resource [mem 0xfed80000-0xfedbffff window]
Feb  1 21:05:23 wien-plex kernel: pci_bus 0000:00: root bus resource [mem 0xfed1c000-0xfed1cfff window]
Feb  1 21:05:23 wien-plex kernel: pci_bus 0000:00: root bus resource [mem 0xfee00000-0xfeefffff window]
Feb  1 21:05:23 wien-plex kernel: pci_bus 0000:00: root bus resource [bus 00-ff]
Feb  1 21:05:23 wien-plex kernel: pci 0000:00:00.0: [8086:31f0] type 00 class 0x060000
Feb  1 21:05:23 wien-plex kernel: pci 0000:00:00.3: [8086:3190] type 00 class 0x088000
Feb  1 21:05:23 wien-plex kernel: pci 0000:00:00.3: reg 0x10: [mem 0xa131e000-0xa131efff 64bit]
Feb  1 21:05:23 wien-plex kernel: pci 0000:00:02.0: [8086:3185] type 00 class 0x030000
Feb  1 21:05:23 wien-plex kernel: pci 0000:00:02.0: reg 0x10: [mem 0xa0000000-0xa0ffffff 64bit]
Feb  1 21:05:23 wien-plex kernel: pci 0000:00:02.0: reg 0x18: [mem 0x90000000-0x9fffffff 64bit pref]
Feb  1 21:05:23 wien-plex kernel: pci 0000:00:02.0: reg 0x20: [io  0xf000-0xf03f]
Feb  1 21:05:23 wien-plex kernel: pci 0000:00:0e.0: [8086:3198] type 00 class 0x040300
Feb  1 21:05:23 wien-plex kernel: pci 0000:00:0e.0: reg 0x10: [mem 0xa1310000-0xa1313fff 64bit]
Feb  1 21:05:23 wien-plex kernel: pci 0000:00:0e.0: reg 0x20: [mem 0xa1000000-0xa10fffff 64bit]
Feb  1 21:05:23 wien-plex kernel: pci 0000:00:0e.0: PME# supported from D0 D3hot D3cold
Feb  1 21:05:23 wien-plex kernel: pci 0000:00:0f.0: [8086:319a] type 00 class 0x078000
Feb  1 21:05:23 wien-plex kernel: pci 0000:00:0f.0: reg 0x10: [mem 0xa131d000-0xa131dfff 64bit]
Feb  1 21:05:23 wien-plex kernel: pci 0000:00:0f.0: PME# supported from D3hot
Feb  1 21:05:23 wien-plex kernel: pci 0000:00:12.0: [8086:31e3] type 00 class 0x010601
Feb  1 21:05:23 wien-plex kernel: pci 0000:00:12.0: reg 0x10: [mem 0xa1314000-0xa1315fff]
Feb  1 21:05:23 wien-plex kernel: pci 0000:00:12.0: reg 0x14: [mem 0xa131c000-0xa131c0ff]
Feb  1 21:05:23 wien-plex kernel: pci 0000:00:12.0: reg 0x18: [io  0xf090-0xf097]
Feb  1 21:05:23 wien-plex kernel: pci 0000:00:12.0: reg 0x1c: [io  0xf080-0xf083]
Feb  1 21:05:23 wien-plex kernel: pci 0000:00:12.0: reg 0x20: [io  0xf060-0xf07f]
Feb  1 21:05:23 wien-plex kernel: pci 0000:00:12.0: reg 0x24: [mem 0xa131b000-0xa131b7ff]
Feb  1 21:05:23 wien-plex kernel: pci 0000:00:12.0: PME# supported from D3hot
Feb  1 21:05:23 wien-plex kernel: pci 0000:00:13.0: [8086:31da] type 01 class 0x060400
Feb  1 21:05:23 wien-plex kernel: pci 0000:00:13.0: PME# supported from D0 D3hot D3cold
Feb  1 21:05:23 wien-plex kernel: pci 0000:00:13.3: [8086:31db] type 01 class 0x060400
Feb  1 21:05:23 wien-plex kernel: pci 0000:00:13.3: PME# supported from D0 D3hot D3cold
Feb  1 21:05:23 wien-plex kernel: pci 0000:00:15.0: [8086:31a8] type 00 class 0x0c0330
Feb  1 21:05:23 wien-plex kernel: pci 0000:00:15.0: reg 0x10: [mem 0xa1300000-0xa130ffff 64bit]
Feb  1 21:05:23 wien-plex kernel: pci 0000:00:15.0: PME# supported from D3hot D3cold
Feb  1 21:05:23 wien-plex kernel: pci 0000:00:1c.0: [8086:31cc] type 00 class 0x080501
Feb  1 21:05:23 wien-plex kernel: pci 0000:00:1c.0: reg 0x10: [mem 0xa131a000-0xa131afff 64bit]
Feb  1 21:05:23 wien-plex kernel: pci 0000:00:1c.0: reg 0x18: [mem 0xa1319000-0xa1319fff 64bit]
Feb  1 21:05:23 wien-plex kernel: pci 0000:00:1e.0: [8086:31d0] type 00 class 0x080501
Feb  1 21:05:23 wien-plex kernel: pci 0000:00:1e.0: reg 0x10: [mem 0xa1318000-0xa1318fff 64bit]
Feb  1 21:05:23 wien-plex kernel: pci 0000:00:1e.0: reg 0x18: [mem 0xa1317000-0xa1317fff 64bit]
Feb  1 21:05:23 wien-plex kernel: pci 0000:00:1f.0: [8086:31e8] type 00 class 0x060100
Feb  1 21:05:23 wien-plex kernel: pci 0000:00:1f.1: [8086:31d4] type 00 class 0x0c0500
Feb  1 21:05:23 wien-plex kernel: pci 0000:00:1f.1: reg 0x10: [mem 0xa1316000-0xa13160ff 64bit]
Feb  1 21:05:23 wien-plex kernel: pci 0000:00:1f.1: reg 0x20: [io  0xf040-0xf05f]
Feb  1 21:05:23 wien-plex kernel: pci 0000:01:00.0: [8086:24fb] type 00 class 0x028000
Feb  1 21:05:23 wien-plex kernel: pci 0000:01:00.0: reg 0x10: [mem 0xa1200000-0xa1201fff 64bit]
Feb  1 21:05:23 wien-plex kernel: pci 0000:01:00.0: Upstream bridge's Max Payload Size set to 128 (was 256, max 256)
Feb  1 21:05:23 wien-plex kernel: pci 0000:01:00.0: Max Payload Size set to 128 (was 128, max 128)
Feb  1 21:05:23 wien-plex kernel: pci 0000:01:00.0: PME# supported from D0 D3hot D3cold
Feb  1 21:05:23 wien-plex kernel: pci 0000:00:13.0: PCI bridge to [bus 01]
Feb  1 21:05:23 wien-plex kernel: pci 0000:00:13.0:   bridge window [mem 0xa1200000-0xa12fffff]
Feb  1 21:05:23 wien-plex kernel: pci 0000:02:00.0: [10ec:8168] type 00 class 0x020000
Feb  1 21:05:23 wien-plex kernel: pci 0000:02:00.0: reg 0x10: [io  0xe000-0xe0ff]
Feb  1 21:05:23 wien-plex kernel: pci 0000:02:00.0: reg 0x18: [mem 0xa1104000-0xa1104fff 64bit]
Feb  1 21:05:23 wien-plex kernel: pci 0000:02:00.0: reg 0x20: [mem 0xa1100000-0xa1103fff 64bit]
Feb  1 21:05:23 wien-plex kernel: pci 0000:02:00.0: Upstream bridge's Max Payload Size set to 128 (was 256, max 256)
Feb  1 21:05:23 wien-plex kernel: pci 0000:02:00.0: Max Payload Size set to 128 (was 128, max 128)
Feb  1 21:05:23 wien-plex kernel: pci 0000:02:00.0: supports D1 D2
Feb  1 21:05:23 wien-plex kernel: pci 0000:02:00.0: PME# supported from D0 D1 D2 D3hot D3cold
Feb  1 21:05:23 wien-plex kernel: pci 0000:00:13.3: PCI bridge to [bus 02]
Feb  1 21:05:23 wien-plex kernel: pci 0000:00:13.3:   bridge window [io  0xe000-0xefff]
Feb  1 21:05:23 wien-plex kernel: pci 0000:00:13.3:   bridge window [mem 0xa1100000-0xa11fffff]
Feb  1 21:05:23 wien-plex kernel: ACPI: PCI Interrupt Link [LNKA] (IRQs *3 4 5 6 10 11 12 14 15)
Feb  1 21:05:23 wien-plex kernel: ACPI: PCI Interrupt Link [LNKB] (IRQs 3 *4 5 6 10 11 12 14 15)
Feb  1 21:05:23 wien-plex kernel: ACPI: PCI Interrupt Link [LNKC] (IRQs 3 4 *5 6 10 11 12 14 15)
Feb  1 21:05:23 wien-plex kernel: ACPI: PCI Interrupt Link [LNKD] (IRQs 3 4 5 *6 10 11 12 14 15)
Feb  1 21:05:23 wien-plex kernel: ACPI: PCI Interrupt Link [LNKE] (IRQs 3 4 5 6 10 11 12 14 15) *7
Feb  1 21:05:23 wien-plex kernel: ACPI: PCI Interrupt Link [LNKF] (IRQs 3 4 5 6 10 11 12 14 15) *9
Feb  1 21:05:23 wien-plex kernel: ACPI: PCI Interrupt Link [LNKG] (IRQs 3 4 5 6 *10 11 12 14 15)
Feb  1 21:05:23 wien-plex kernel: ACPI: PCI Interrupt Link [LNKH] (IRQs 3 4 5 6 10 *11 12 14 15)
Feb  1 21:05:23 wien-plex kernel: iommu: Default domain type: Passthrough 
Feb  1 21:05:23 wien-plex kernel: pci 0000:00:02.0: vgaarb: setting as boot VGA device
Feb  1 21:05:23 wien-plex kernel: pci 0000:00:02.0: vgaarb: VGA device added: decodes=io+mem,owns=io+mem,locks=none
Feb  1 21:05:23 wien-plex kernel: pci 0000:00:02.0: vgaarb: bridge control possible
Feb  1 21:05:23 wien-plex kernel: vgaarb: loaded
Feb  1 21:05:23 wien-plex kernel: SCSI subsystem initialized
Feb  1 21:05:23 wien-plex kernel: ACPI: bus type USB registered
Feb  1 21:05:23 wien-plex kernel: usbcore: registered new interface driver usbfs
Feb  1 21:05:23 wien-plex kernel: usbcore: registered new interface driver hub
Feb  1 21:05:23 wien-plex kernel: usbcore: registered new device driver usb
Feb  1 21:05:23 wien-plex kernel: pps_core: LinuxPPS API ver. 1 registered
Feb  1 21:05:23 wien-plex kernel: pps_core: Software ver. 5.3.6 - Copyright 2005-2007 Rodolfo Giometti <giometti@linux.it>
Feb  1 21:05:23 wien-plex kernel: PTP clock support registered
Feb  1 21:05:23 wien-plex kernel: EDAC MC: Ver: 3.0.0
Feb  1 21:05:23 wien-plex kernel: Registered efivars operations
Feb  1 21:05:23 wien-plex kernel: PCI: Using ACPI for IRQ routing
Feb  1 21:05:23 wien-plex kernel: NetLabel: Initializing
Feb  1 21:05:23 wien-plex kernel: NetLabel:  domain hash size = 128
Feb  1 21:05:23 wien-plex kernel: NetLabel:  protocols = UNLABELED CIPSOv4 CALIPSO
Feb  1 21:05:23 wien-plex kernel: NetLabel:  unlabeled traffic allowed by default
Feb  1 21:05:23 wien-plex kernel: hpet0: at MMIO 0xfed00000, IRQs 2, 8, 0, 0, 0, 0, 0, 0
Feb  1 21:05:23 wien-plex kernel: hpet0: 8 comparators, 64-bit 19.200000 MHz counter
Feb  1 21:05:23 wien-plex kernel: clocksource: Switched to clocksource tsc-early
Feb  1 21:05:23 wien-plex kernel: VFS: Disk quotas dquot_6.6.0
Feb  1 21:05:23 wien-plex kernel: VFS: Dquot-cache hash table entries: 512 (order 0, 4096 bytes)
Feb  1 21:05:23 wien-plex kernel: pnp: PnP ACPI init
Feb  1 21:05:23 wien-plex kernel: system 00:00: [io  0x0a00-0x0a0f] has been reserved
Feb  1 21:05:23 wien-plex kernel: system 00:00: [io  0x0a10-0x0a8f] has been reserved
Feb  1 21:05:23 wien-plex kernel: system 00:00: [io  0x0a90-0x0a9f] has been reserved
Feb  1 21:05:23 wien-plex kernel: system 00:02: [io  0x0680-0x069f] has been reserved
Feb  1 21:05:23 wien-plex kernel: system 00:02: [io  0x0400-0x047f] could not be reserved
Feb  1 21:05:23 wien-plex kernel: system 00:02: [io  0x0500-0x05fe] has been reserved
Feb  1 21:05:23 wien-plex kernel: system 00:02: [io  0x0600-0x061f] has been reserved
Feb  1 21:05:23 wien-plex kernel: system 00:02: [io  0x164e-0x164f] has been reserved
Feb  1 21:05:23 wien-plex kernel: system 00:03: [mem 0xe0000000-0xefffffff] has been reserved
Feb  1 21:05:23 wien-plex kernel: system 00:03: [mem 0xfea00000-0xfeafffff] has been reserved
Feb  1 21:05:23 wien-plex kernel: system 00:03: [mem 0xfed01000-0xfed01fff] has been reserved
Feb  1 21:05:23 wien-plex kernel: system 00:03: [mem 0xfed03000-0xfed03fff] has been reserved
Feb  1 21:05:23 wien-plex kernel: system 00:03: [mem 0xfed06000-0xfed06fff] has been reserved
Feb  1 21:05:23 wien-plex kernel: system 00:03: [mem 0xfed08000-0xfed09fff] has been reserved
Feb  1 21:05:23 wien-plex kernel: system 00:03: [mem 0xfed80000-0xfedbffff] has been reserved
Feb  1 21:05:23 wien-plex kernel: system 00:03: [mem 0xfed1c000-0xfed1cfff] has been reserved
Feb  1 21:05:23 wien-plex kernel: system 00:03: [mem 0xfee00000-0xfeefffff] could not be reserved
Feb  1 21:05:23 wien-plex kernel: pnp: PnP ACPI: found 5 devices
Feb  1 21:05:23 wien-plex kernel: thermal_sys: Registered thermal governor 'fair_share'
Feb  1 21:05:23 wien-plex kernel: thermal_sys: Registered thermal governor 'bang_bang'
Feb  1 21:05:23 wien-plex kernel: thermal_sys: Registered thermal governor 'step_wise'
Feb  1 21:05:23 wien-plex kernel: thermal_sys: Registered thermal governor 'user_space'
Feb  1 21:05:23 wien-plex kernel: clocksource: acpi_pm: mask: 0xffffff max_cycles: 0xffffff, max_idle_ns: 2085701024 ns
Feb  1 21:05:23 wien-plex kernel: pci 0000:00:13.0: PCI bridge to [bus 01]
Feb  1 21:05:23 wien-plex kernel: pci 0000:00:13.0:   bridge window [mem 0xa1200000-0xa12fffff]
Feb  1 21:05:23 wien-plex kernel: pci 0000:00:13.3: PCI bridge to [bus 02]
Feb  1 21:05:23 wien-plex kernel: pci 0000:00:13.3:   bridge window [io  0xe000-0xefff]
Feb  1 21:05:23 wien-plex kernel: pci 0000:00:13.3:   bridge window [mem 0xa1100000-0xa11fffff]
Feb  1 21:05:23 wien-plex kernel: pci_bus 0000:00: resource 4 [io  0x0070-0x0077]
Feb  1 21:05:23 wien-plex kernel: pci_bus 0000:00: resource 5 [io  0x0000-0x006f window]
Feb  1 21:05:23 wien-plex kernel: pci_bus 0000:00: resource 6 [io  0x0078-0x0cf7 window]
Feb  1 21:05:23 wien-plex kernel: pci_bus 0000:00: resource 7 [io  0x0d00-0xffff window]
Feb  1 21:05:23 wien-plex kernel: pci_bus 0000:00: resource 8 [mem 0x000a0000-0x000bffff window]
Feb  1 21:05:23 wien-plex kernel: pci_bus 0000:00: resource 9 [mem 0x000c0000-0x000dffff window]
Feb  1 21:05:23 wien-plex kernel: pci_bus 0000:00: resource 10 [mem 0x000e0000-0x000fffff window]
Feb  1 21:05:23 wien-plex kernel: pci_bus 0000:00: resource 11 [mem 0x7c000001-0x7fffffff window]
Feb  1 21:05:23 wien-plex kernel: pci_bus 0000:00: resource 12 [mem 0x80000000-0xbfffffff window]
Feb  1 21:05:23 wien-plex kernel: pci_bus 0000:00: resource 13 [mem 0xe0000000-0xefffffff window]
Feb  1 21:05:23 wien-plex kernel: pci_bus 0000:00: resource 14 [mem 0xfea00000-0xfeafffff window]
Feb  1 21:05:23 wien-plex kernel: pci_bus 0000:00: resource 15 [mem 0xfed00000-0xfed003ff window]
Feb  1 21:05:23 wien-plex kernel: pci_bus 0000:00: resource 16 [mem 0xfed01000-0xfed01fff window]
Feb  1 21:05:23 wien-plex kernel: pci_bus 0000:00: resource 17 [mem 0xfed03000-0xfed03fff window]
Feb  1 21:05:23 wien-plex kernel: pci_bus 0000:00: resource 18 [mem 0xfed06000-0xfed06fff window]
Feb  1 21:05:23 wien-plex kernel: pci_bus 0000:00: resource 19 [mem 0xfed08000-0xfed09fff window]
Feb  1 21:05:23 wien-plex kernel: pci_bus 0000:00: resource 20 [mem 0xfed80000-0xfedbffff window]
Feb  1 21:05:23 wien-plex kernel: pci_bus 0000:00: resource 21 [mem 0xfed1c000-0xfed1cfff window]
Feb  1 21:05:23 wien-plex kernel: pci_bus 0000:00: resource 22 [mem 0xfee00000-0xfeefffff window]
Feb  1 21:05:23 wien-plex kernel: pci_bus 0000:01: resource 1 [mem 0xa1200000-0xa12fffff]
Feb  1 21:05:23 wien-plex kernel: pci_bus 0000:02: resource 0 [io  0xe000-0xefff]
Feb  1 21:05:23 wien-plex kernel: pci_bus 0000:02: resource 1 [mem 0xa1100000-0xa11fffff]
Feb  1 21:05:23 wien-plex kernel: NET: Registered protocol family 2
Feb  1 21:05:23 wien-plex kernel: tcp_listen_portaddr_hash hash table entries: 4096 (order: 5, 131072 bytes, linear)
Feb  1 21:05:23 wien-plex kernel: TCP established hash table entries: 65536 (order: 7, 524288 bytes, linear)
Feb  1 21:05:23 wien-plex kernel: TCP bind hash table entries: 65536 (order: 8, 1048576 bytes, linear)
Feb  1 21:05:23 wien-plex kernel: TCP: Hash tables configured (established 65536 bind 65536)
Feb  1 21:05:23 wien-plex kernel: UDP hash table entries: 4096 (order: 5, 131072 bytes, linear)
Feb  1 21:05:23 wien-plex kernel: UDP-Lite hash table entries: 4096 (order: 5, 131072 bytes, linear)
Feb  1 21:05:23 wien-plex kernel: NET: Registered protocol family 1
Feb  1 21:05:23 wien-plex kernel: NET: Registered protocol family 44
Feb  1 21:05:23 wien-plex kernel: pci 0000:00:02.0: Video device with shadowed ROM at [mem 0x000c0000-0x000dffff]
Feb  1 21:05:23 wien-plex kernel: PCI: CLS 64 bytes, default 64
Feb  1 21:05:23 wien-plex kernel: Trying to unpack rootfs image as initramfs...
Feb  1 21:05:23 wien-plex kernel: Freeing initrd memory: 53596K
Feb  1 21:05:23 wien-plex kernel: DMAR: No ATSR found
Feb  1 21:05:23 wien-plex kernel: DMAR: dmar0: Using Queued invalidation
Feb  1 21:05:23 wien-plex kernel: DMAR: dmar1: Using Queued invalidation
Feb  1 21:05:23 wien-plex kernel: pci 0000:00:00.0: Adding to iommu group 0
Feb  1 21:05:23 wien-plex kernel: pci 0000:00:00.3: Adding to iommu group 0
Feb  1 21:05:23 wien-plex kernel: pci 0000:00:02.0: Adding to iommu group 1
Feb  1 21:05:23 wien-plex kernel: pci 0000:00:0e.0: Adding to iommu group 2
Feb  1 21:05:23 wien-plex kernel: pci 0000:00:0f.0: Adding to iommu group 3
Feb  1 21:05:23 wien-plex kernel: pci 0000:00:12.0: Adding to iommu group 4
Feb  1 21:05:23 wien-plex kernel: pci 0000:00:13.0: Adding to iommu group 5
Feb  1 21:05:23 wien-plex kernel: pci 0000:00:13.3: Adding to iommu group 6
Feb  1 21:05:23 wien-plex kernel: pci 0000:00:15.0: Adding to iommu group 7
Feb  1 21:05:23 wien-plex kernel: pci 0000:00:1c.0: Adding to iommu group 8
Feb  1 21:05:23 wien-plex kernel: pci 0000:00:1e.0: Adding to iommu group 9
Feb  1 21:05:23 wien-plex kernel: pci 0000:00:1f.0: Adding to iommu group 10
Feb  1 21:05:23 wien-plex kernel: pci 0000:00:1f.1: Adding to iommu group 10
Feb  1 21:05:23 wien-plex kernel: pci 0000:01:00.0: Adding to iommu group 11
Feb  1 21:05:23 wien-plex kernel: pci 0000:02:00.0: Adding to iommu group 12
Feb  1 21:05:23 wien-plex kernel: DMAR: Intel(R) Virtualization Technology for Directed I/O
Feb  1 21:05:23 wien-plex kernel: RAPL PMU: API unit is 2^-32 Joules, 4 fixed counters, 655360 ms ovfl timer
Feb  1 21:05:23 wien-plex kernel: RAPL PMU: hw unit of domain pp0-core 2^-14 Joules
Feb  1 21:05:23 wien-plex kernel: RAPL PMU: hw unit of domain package 2^-14 Joules
Feb  1 21:05:23 wien-plex kernel: RAPL PMU: hw unit of domain dram 2^-14 Joules
Feb  1 21:05:23 wien-plex kernel: RAPL PMU: hw unit of domain pp1-gpu 2^-14 Joules
Feb  1 21:05:23 wien-plex kernel: clocksource: tsc: mask: 0xffffffffffffffff max_cycles: 0x159647815e3, max_idle_ns: 440795269835 ns
Feb  1 21:05:23 wien-plex kernel: clocksource: Switched to clocksource tsc
Feb  1 21:05:23 wien-plex kernel: check: Scanning for low memory corruption every 60 seconds
Feb  1 21:05:23 wien-plex kernel: Initialise system trusted keyrings
Feb  1 21:05:23 wien-plex kernel: Key type blacklist registered
Feb  1 21:05:23 wien-plex kernel: workingset: timestamp_bits=36 max_order=21 bucket_order=0
Feb  1 21:05:23 wien-plex kernel: zbud: loaded
Feb  1 21:05:23 wien-plex kernel: Platform Keyring initialized
Feb  1 21:05:23 wien-plex kernel: Allocating IMA blacklist keyring.
Feb  1 21:05:23 wien-plex kernel: NET: Registered protocol family 38
Feb  1 21:05:23 wien-plex kernel: Key type asymmetric registered
Feb  1 21:05:23 wien-plex kernel: Asymmetric key parser 'x509' registered
Feb  1 21:05:23 wien-plex kernel: Key type pkcs7_test registered
Feb  1 21:05:23 wien-plex kernel: Block layer SCSI generic (bsg) driver version 0.4 loaded (major 246)
Feb  1 21:05:23 wien-plex kernel: io scheduler mq-deadline registered
Feb  1 21:05:23 wien-plex kernel: io scheduler kyber registered
Feb  1 21:05:23 wien-plex kernel: io scheduler bfq registered
Feb  1 21:05:23 wien-plex kernel: atomic64_test: passed for x86-64 platform with CX8 and with SSE
Feb  1 21:05:23 wien-plex kernel: pcieport 0000:00:13.0: PME: Signaling with IRQ 122
Feb  1 21:05:23 wien-plex kernel: pcieport 0000:00:13.3: PME: Signaling with IRQ 123
Feb  1 21:05:23 wien-plex kernel: shpchp: Standard Hot Plug PCI Controller Driver version: 0.4
Feb  1 21:05:23 wien-plex kernel: input: Power Button as /devices/LNXSYSTM:00/LNXSYBUS:00/PNP0C0C:00/input/input0
Feb  1 21:05:23 wien-plex kernel: ACPI: Power Button [PWRB]
Feb  1 21:05:23 wien-plex kernel: thermal LNXTHERM:00: registered as thermal_zone0
Feb  1 21:05:23 wien-plex kernel: ACPI: Thermal Zone [TZ01] (35 C)
Feb  1 21:05:23 wien-plex kernel: Serial: 8250/16550 driver, 4 ports, IRQ sharing enabled
Feb  1 21:05:23 wien-plex kernel: 00:01: ttyS0 at I/O 0x3f8 (irq = 4, base_baud = 115200) is a 16550A
Feb  1 21:05:23 wien-plex kernel: Non-volatile memory driver v1.3
Feb  1 21:05:23 wien-plex kernel: Linux agpgart interface v0.103
Feb  1 21:05:23 wien-plex kernel: AMD-Vi: AMD IOMMUv2 driver by Joerg Roedel <jroedel@suse.de>
Feb  1 21:05:23 wien-plex kernel: AMD-Vi: AMD IOMMUv2 functionality not available on this system
Feb  1 21:05:23 wien-plex kernel: rdac: device handler registered
Feb  1 21:05:23 wien-plex kernel: hp_sw: device handler registered
Feb  1 21:05:23 wien-plex kernel: emc: device handler registered
Feb  1 21:05:23 wien-plex kernel: alua: device handler registered
Feb  1 21:05:23 wien-plex kernel: libphy: Fixed MDIO Bus: probed
Feb  1 21:05:23 wien-plex kernel: VFIO - User Level meta-driver version: 0.3
Feb  1 21:05:23 wien-plex kernel: ehci_hcd: USB 2.0 'Enhanced' Host Controller (EHCI) Driver
Feb  1 21:05:23 wien-plex kernel: ehci-pci: EHCI PCI platform driver
Feb  1 21:05:23 wien-plex kernel: ohci_hcd: USB 1.1 'Open' Host Controller (OHCI) Driver
Feb  1 21:05:23 wien-plex kernel: ohci-pci: OHCI PCI platform driver
Feb  1 21:05:23 wien-plex kernel: uhci_hcd: USB Universal Host Controller Interface driver
Feb  1 21:05:23 wien-plex kernel: xhci_hcd 0000:00:15.0: xHCI Host Controller
Feb  1 21:05:23 wien-plex kernel: xhci_hcd 0000:00:15.0: new USB bus registered, assigned bus number 1
Feb  1 21:05:23 wien-plex kernel: xhci_hcd 0000:00:15.0: hcc params 0x200077c1 hci version 0x100 quirks 0x0000000000009810
Feb  1 21:05:23 wien-plex kernel: xhci_hcd 0000:00:15.0: cache line size of 64 is not supported
Feb  1 21:05:23 wien-plex kernel: usb usb1: New USB device found, idVendor=1d6b, idProduct=0002, bcdDevice= 5.04
Feb  1 21:05:23 wien-plex kernel: usb usb1: New USB device strings: Mfr=3, Product=2, SerialNumber=1
Feb  1 21:05:23 wien-plex kernel: usb usb1: Product: xHCI Host Controller
Feb  1 21:05:23 wien-plex kernel: usb usb1: Manufacturer: Linux 5.4.17-2036.102.0.2.el8uek.x86_64 xhci-hcd
Feb  1 21:05:23 wien-plex kernel: usb usb1: SerialNumber: 0000:00:15.0
Feb  1 21:05:23 wien-plex kernel: hub 1-0:1.0: USB hub found
Feb  1 21:05:23 wien-plex kernel: hub 1-0:1.0: 9 ports detected
Feb  1 21:05:23 wien-plex kernel: xhci_hcd 0000:00:15.0: xHCI Host Controller
Feb  1 21:05:23 wien-plex kernel: xhci_hcd 0000:00:15.0: new USB bus registered, assigned bus number 2
Feb  1 21:05:23 wien-plex kernel: xhci_hcd 0000:00:15.0: Host supports USB 3.0 SuperSpeed
Feb  1 21:05:23 wien-plex kernel: usb usb2: New USB device found, idVendor=1d6b, idProduct=0003, bcdDevice= 5.04
Feb  1 21:05:23 wien-plex kernel: usb usb2: New USB device strings: Mfr=3, Product=2, SerialNumber=1
Feb  1 21:05:23 wien-plex kernel: usb usb2: Product: xHCI Host Controller
Feb  1 21:05:23 wien-plex kernel: usb usb2: Manufacturer: Linux 5.4.17-2036.102.0.2.el8uek.x86_64 xhci-hcd
Feb  1 21:05:23 wien-plex kernel: usb usb2: SerialNumber: 0000:00:15.0
Feb  1 21:05:23 wien-plex kernel: hub 2-0:1.0: USB hub found
Feb  1 21:05:23 wien-plex kernel: hub 2-0:1.0: 7 ports detected
Feb  1 21:05:23 wien-plex kernel: usbcore: registered new interface driver usbserial_generic
Feb  1 21:05:23 wien-plex kernel: usbserial: USB Serial support registered for generic
Feb  1 21:05:23 wien-plex kernel: i8042: PNP: No PS/2 controller found.
Feb  1 21:05:23 wien-plex kernel: i8042: Probing ports directly.
Feb  1 21:05:23 wien-plex kernel: i8042: No controller found
Feb  1 21:05:23 wien-plex kernel: mousedev: PS/2 mouse device common for all mice
Feb  1 21:05:23 wien-plex kernel: rtc_cmos 00:04: RTC can wake from S4
Feb  1 21:05:23 wien-plex kernel: rtc_cmos 00:04: registered as rtc0
Feb  1 21:05:23 wien-plex kernel: rtc_cmos 00:04: alarms up to one month, y3k, 242 bytes nvram, hpet irqs
Feb  1 21:05:23 wien-plex kernel: intel_pstate: Intel P-state driver initializing
Feb  1 21:05:23 wien-plex kernel: EFI Variables Facility v0.08 2004-May-17
Feb  1 21:05:23 wien-plex kernel: hidraw: raw HID events driver (C) Jiri Kosina
Feb  1 21:05:23 wien-plex kernel: usbcore: registered new interface driver usbhid
Feb  1 21:05:23 wien-plex kernel: usbhid: USB HID core driver
Feb  1 21:05:23 wien-plex kernel: drop_monitor: Initializing network drop monitor service
Feb  1 21:05:23 wien-plex kernel: Initializing XFRM netlink socket
Feb  1 21:05:23 wien-plex kernel: NET: Registered protocol family 10
Feb  1 21:05:23 wien-plex kernel: Segment Routing with IPv6
Feb  1 21:05:23 wien-plex kernel: NET: Registered protocol family 17
Feb  1 21:05:23 wien-plex kernel: bridge: filtering via arp/ip/ip6tables is no longer available by default. Update your scripts to load br_netfilter if you need this.
Feb  1 21:05:23 wien-plex kernel: RAS: Correctable Errors collector initialized.
Feb  1 21:05:23 wien-plex kernel: microcode: sig=0x706a1, pf=0x1, revision=0x34
Feb  1 21:05:23 wien-plex kernel: microcode: Microcode Update Driver: v2.2.
Feb  1 21:05:23 wien-plex kernel: resctrl: L2 allocation detected
Feb  1 21:05:23 wien-plex kernel: resctrl: L2DATA allocation detected
Feb  1 21:05:23 wien-plex kernel: resctrl: L2CODE allocation detected
Feb  1 21:05:23 wien-plex kernel: IPI shorthand broadcast: enabled
Feb  1 21:05:23 wien-plex kernel: sched_clock: Marking stable (3640310844, 3722403)->(3649664135, -5630888)
Feb  1 21:05:23 wien-plex kernel: registered taskstats version 1
Feb  1 21:05:23 wien-plex kernel: Loading compiled-in X.509 certificates
Feb  1 21:05:23 wien-plex kernel: Loaded X.509 cert 'Oracle CA Server: dedf4bdbc052c0bd388c5e00c1e377ad4f403a98'
Feb  1 21:05:23 wien-plex kernel: Loaded X.509 cert 'Oracle Linux Kernel Module Signing Key: 2bb352412969a3653f0eb6021763408ebb9bb5ab'
Feb  1 21:05:23 wien-plex kernel: Loaded X.509 cert 'Oracle America, Inc.: Ksplice Kernel Module Signing Key: 09010ebef5545fa7c54b626ef518e077b5b1ee4c'
Feb  1 21:05:23 wien-plex kernel: blacklist: Loading compiled-in revocation X.509 certificates
Feb  1 21:05:23 wien-plex kernel: Loaded X.509 cert 'Oracle Corporation: 7f559b8e9d9e05183480a7149e5a1de0bc265ada'
Feb  1 21:05:23 wien-plex kernel: Loaded X.509 cert 'Oracle Corporation: c179886de39a159135e9877492debf044af7d1eb'
Feb  1 21:05:23 wien-plex kernel: Loaded X.509 cert 'Oracle Corporation: 51698ec3be0f5eb8cba8ec197d291879098fade4'
Feb  1 21:05:23 wien-plex kernel: zswap: loaded using pool lzo/zbud
Feb  1 21:05:23 wien-plex kernel: page_owner is disabled
Feb  1 21:05:23 wien-plex kernel: Key type ._fscrypt registered
Feb  1 21:05:23 wien-plex kernel: Key type .fscrypt registered
Feb  1 21:05:23 wien-plex kernel: Key type big_key registered
Feb  1 21:05:23 wien-plex kernel: Key type trusted registered
Feb  1 21:05:23 wien-plex kernel: Key type encrypted registered
Feb  1 21:05:23 wien-plex kernel: integrity: Loading X.509 certificate: UEFI:MokListRT
Feb  1 21:05:23 wien-plex kernel: integrity: Loaded X.509 cert 'YOUR_NAME: c2bacd16b0b35b52966274efc0d1b4788ba3fdb5'
Feb  1 21:05:23 wien-plex kernel: integrity: Loading X.509 certificate: UEFI:MokListRT
Feb  1 21:05:23 wien-plex kernel: integrity: Loaded X.509 cert 'Oracle America Inc.: 7b13dad59daa6adeacfff53c9a3b7e4f61fe068a'
Feb  1 21:05:23 wien-plex kernel: integrity: Loading X.509 certificate: UEFI:MokListRT
Feb  1 21:05:23 wien-plex kernel: integrity: Loaded X.509 cert 'Oracle America Inc.: 2e7c1720d1c5df5254cc93d6decaa75e49620cf8'
Feb  1 21:05:23 wien-plex kernel: integrity: Loading X.509 certificate: UEFI:MokListRT
Feb  1 21:05:23 wien-plex kernel: integrity: Loaded X.509 cert 'Oracle America Inc.: 29d6e61bce4ba38753e71f7787086b635114df97'
Feb  1 21:05:23 wien-plex kernel: integrity: Loading X.509 certificate: UEFI:MokListRT
